Component: ARM Compiler 5.06 update 6 (build 750) Tool: armlink [4d35ed]

==============================================================================

Small function inlining results

Inlined total of 0 calls.

==============================================================================

Image Symbol Table

    Local Symbols

    Symbol Name                              Value     Ov Type        Size  Object(Section)

    RESET                                    0x00000000   Section      192  startup_nuc131.o(RESET)
    ../clib/microlib/division.c              0x00000000   Number         0  uidiv.o ABSOLUTE
    ../clib/microlib/division.c              0x00000000   Number         0  uldiv.o ABSOLUTE
    ../clib/microlib/init/entry.s            0x00000000   Number         0  entry11b.o ABSOLUTE
    ../clib/microlib/init/entry.s            0x00000000   Number         0  entry2.o ABSOLUTE
    ../clib/microlib/init/entry.s            0x00000000   Number         0  entry5.o ABSOLUTE
    ../clib/microlib/init/entry.s            0x00000000   Number         0  entry7a.o ABSOLUTE
    ../clib/microlib/init/entry.s            0x00000000   Number         0  entry8a.o ABSOLUTE
    ../clib/microlib/init/entry.s            0x00000000   Number         0  entry.o ABSOLUTE
    ../clib/microlib/init/entry.s            0x00000000   Number         0  entry7b.o ABSOLUTE
    ../clib/microlib/init/entry.s            0x00000000   Number         0  entry9b.o ABSOLUTE
    ../clib/microlib/init/entry.s            0x00000000   Number         0  entry8b.o ABSOLUTE
    ../clib/microlib/init/entry.s            0x00000000   Number         0  entry10b.o ABSOLUTE
    ../clib/microlib/init/entry.s            0x00000000   Number         0  entry9a.o ABSOLUTE
    ../clib/microlib/init/entry.s            0x00000000   Number         0  entry10a.o ABSOLUTE
    ../clib/microlib/init/entry.s            0x00000000   Number         0  entry11a.o ABSOLUTE
    ../clib/microlib/longlong.c              0x00000000   Number         0  llshl.o ABSOLUTE
    ../clib/microlib/longlong.c              0x00000000   Number         0  llsshr.o ABSOLUTE
    ../clib/microlib/longlong.c              0x00000000   Number         0  llushr.o ABSOLUTE
    ../clib/microlib/printf/printf.c         0x00000000   Number         0  printf7.o ABSOLUTE
    ../clib/microlib/printf/printf.c         0x00000000   Number         0  printf3.o ABSOLUTE
    ../clib/microlib/printf/printf.c         0x00000000   Number         0  printfa.o ABSOLUTE
    ../clib/microlib/printf/printf.c         0x00000000   Number         0  printf4.o ABSOLUTE
    ../clib/microlib/printf/printf.c         0x00000000   Number         0  printf6.o ABSOLUTE
    ../clib/microlib/printf/printf.c         0x00000000   Number         0  printfb.o ABSOLUTE
    ../clib/microlib/printf/printf.c         0x00000000   Number         0  printf8.o ABSOLUTE
    ../clib/microlib/printf/printf.c         0x00000000   Number         0  printf5.o ABSOLUTE
    ../clib/microlib/printf/printf.c         0x00000000   Number         0  printf2.o ABSOLUTE
    ../clib/microlib/printf/printf.c         0x00000000   Number         0  printf1.o ABSOLUTE
    ../clib/microlib/printf/printf.c         0x00000000   Number         0  printf0.o ABSOLUTE
    ../clib/microlib/printf/stubs.s          0x00000000   Number         0  stubs.o ABSOLUTE
    ../clib/microlib/string/memcpy.c         0x00000000   Number         0  memcpya.o ABSOLUTE
    ../clib/microlib/string/memcpy.c         0x00000000   Number         0  memcpyb.o ABSOLUTE
    ../clib/microlib/string/memset.c         0x00000000   Number         0  memseta.o ABSOLUTE
    ../clib/microlib/stubs.s                 0x00000000   Number         0  iusefp.o ABSOLUTE
    ../fplib/microlib/fpadd.c                0x00000000   Number         0  dadd.o ABSOLUTE
    ../fplib/microlib/fpdiv.c                0x00000000   Number         0  ddiv.o ABSOLUTE
    ../fplib/microlib/fpepilogue.c           0x00000000   Number         0  depilogue.o ABSOLUTE
    ../fplib/microlib/fpfix.c                0x00000000   Number         0  dfixul.o ABSOLUTE
    ../fplib/microlib/fpmul.c                0x00000000   Number         0  dmul.o ABSOLUTE
    ..\..\..\..\Library\Device\Nuvoton\NUC131\Source\ARM\startup_NUC131.s 0x00000000   Number         0  startup_nuc131.o ABSOLUTE
    ..\..\..\..\Library\Device\Nuvoton\NUC131\Source\system_NUC131.c 0x00000000   Number         0  system_nuc131.o ABSOLUTE
    ..\..\..\..\Library\StdDriver\src\clk.c  0x00000000   Number         0  clk.o ABSOLUTE
    ..\..\..\..\Library\StdDriver\src\fmc.c  0x00000000   Number         0  fmc.o ABSOLUTE
    ..\..\..\..\Library\StdDriver\src\gpio.c 0x00000000   Number         0  gpio.o ABSOLUTE
    ..\..\..\..\Library\StdDriver\src\retarget.c 0x00000000   Number         0  retarget.o ABSOLUTE
    ..\..\..\..\Library\StdDriver\src\sys.c  0x00000000   Number         0  sys.o ABSOLUTE
    ..\..\..\..\Library\StdDriver\src\timer.c 0x00000000   Number         0  timer.o ABSOLUTE
    ..\..\..\..\Library\StdDriver\src\uart.c 0x00000000   Number         0  uart.o ABSOLUTE
    ..\FMC_USER.c                            0x00000000   Number         0  fmc_user.o ABSOLUTE
    ..\ISP_USER.c                            0x00000000   Number         0  isp_user.o ABSOLUTE
    ..\\..\\..\\..\\Library\\Device\\Nuvoton\\NUC131\\Source\\system_NUC131.c 0x00000000   Number         0  system_nuc131.o ABSOLUTE
    ..\\..\\..\\..\\Library\\StdDriver\\src\\clk.c 0x00000000   Number         0  clk.o ABSOLUTE
    ..\\..\\..\\..\\Library\\StdDriver\\src\\fmc.c 0x00000000   Number         0  fmc.o ABSOLUTE
    ..\\..\\..\\..\\Library\\StdDriver\\src\\gpio.c 0x00000000   Number         0  gpio.o ABSOLUTE
    ..\\..\\..\\..\\Library\\StdDriver\\src\\retarget.c 0x00000000   Number         0  retarget.o ABSOLUTE
    ..\\..\\..\\..\\Library\\StdDriver\\src\\sys.c 0x00000000   Number         0  sys.o ABSOLUTE
    ..\\..\\..\\..\\Library\\StdDriver\\src\\timer.c 0x00000000   Number         0  timer.o ABSOLUTE
    ..\\..\\..\\..\\Library\\StdDriver\\src\\uart.c 0x00000000   Number         0  uart.o ABSOLUTE
    ..\\FMC_USER.c                           0x00000000   Number         0  fmc_user.o ABSOLUTE
    ..\\ISP_USER.c                           0x00000000   Number         0  isp_user.o ABSOLUTE
    ..\\main.c                               0x00000000   Number         0  main.o ABSOLUTE
    ..\\targetdev.c                          0x00000000   Number         0  targetdev.o ABSOLUTE
    ..\\uart_transfer.c                      0x00000000   Number         0  uart_transfer.o ABSOLUTE
    ..\main.c                                0x00000000   Number         0  main.o ABSOLUTE
    ..\targetdev.c                           0x00000000   Number         0  targetdev.o ABSOLUTE
    ..\uart_transfer.c                       0x00000000   Number         0  uart_transfer.o ABSOLUTE
    cdrcmple.s                               0x00000000   Number         0  cdrcmple.o ABSOLUTE
    handlers.s                               0x00000000   Number         0  handlers.o ABSOLUTE
    init.s                                   0x00000000   Number         0  init.o ABSOLUTE
    .ARM.Collect$$$$00000000                 0x000000c0   Section        0  entry.o(.ARM.Collect$$$$00000000)
    .ARM.Collect$$$$00000001                 0x000000c0   Section        4  entry2.o(.ARM.Collect$$$$00000001)
    .ARM.Collect$$$$00000004                 0x000000c4   Section        4  entry5.o(.ARM.Collect$$$$00000004)
    .ARM.Collect$$$$00000008                 0x000000c8   Section        0  entry7b.o(.ARM.Collect$$$$00000008)
    .ARM.Collect$$$$0000000A                 0x000000c8   Section        0  entry8b.o(.ARM.Collect$$$$0000000A)
    .ARM.Collect$$$$0000000B                 0x000000c8   Section        8  entry9a.o(.ARM.Collect$$$$0000000B)
    .ARM.Collect$$$$0000000D                 0x000000d0   Section        0  entry10a.o(.ARM.Collect$$$$0000000D)
    .ARM.Collect$$$$0000000F                 0x000000d0   Section        0  entry11a.o(.ARM.Collect$$$$0000000F)
    .ARM.Collect$$$$00002712                 0x000000d0   Section        4  entry2.o(.ARM.Collect$$$$00002712)
    __lit__00000000                          0x000000d0   Data           4  entry2.o(.ARM.Collect$$$$00002712)
    .emb_text                                0x000000d4   Section       28  retarget.o(.emb_text)
    .text                                    0x000000f0   Section       76  startup_nuc131.o(.text)
    Default_Handler                          0x0000011b   Thumb Code     2  startup_nuc131.o(.text)
    .text                                    0x0000013c   Section        0  uidiv.o(.text)
    .text                                    0x00000168   Section        0  memcpya.o(.text)
    .text                                    0x0000018c   Section        0  memseta.o(.text)
    .text                                    0x000001b0   Section        0  uldiv.o(.text)
    .text                                    0x00000210   Section       36  init.o(.text)
    .text                                    0x00000234   Section        0  llshl.o(.text)
    .text                                    0x00000254   Section        0  llushr.o(.text)
    i.CLK_EnableModuleClock                  0x00000278   Section        0  clk.o(i.CLK_EnableModuleClock)
    i.CLK_EnablePLL                          0x000002a8   Section        0  clk.o(i.CLK_EnablePLL)
    i.CLK_EnableXtalRC                       0x00000440   Section        0  clk.o(i.CLK_EnableXtalRC)
    i.CLK_GetCPUFreq                         0x00000450   Section        0  clk.o(i.CLK_GetCPUFreq)
    i.CLK_GetHCLKFreq                        0x00000460   Section        0  clk.o(i.CLK_GetHCLKFreq)
    i.CLK_GetHXTFreq                         0x00000470   Section        0  clk.o(i.CLK_GetHXTFreq)
    i.CLK_GetPCLKFreq                        0x00000484   Section        0  clk.o(i.CLK_GetPCLKFreq)
    i.CLK_GetPLLClockFreq                    0x00000494   Section        0  uart.o(i.CLK_GetPLLClockFreq)
    CLK_GetPLLClockFreq                      0x00000495   Thumb Code    70  uart.o(i.CLK_GetPLLClockFreq)
    i.CLK_SetCoreClock                       0x000004ec   Section        0  clk.o(i.CLK_SetCoreClock)
    i.CLK_SetHCLK                            0x00000568   Section        0  clk.o(i.CLK_SetHCLK)
    i.CLK_SetModuleClock                     0x000005b0   Section        0  clk.o(i.CLK_SetModuleClock)
    i.CLK_WaitClockReady                     0x00000610   Section        0  clk.o(i.CLK_WaitClockReady)
    i.Checksum                               0x0000063c   Section        0  isp_user.o(i.Checksum)
    Checksum                                 0x0000063d   Thumb Code    24  isp_user.o(i.Checksum)
    i.DEBUG_UART_Init                        0x00000654   Section        0  main.o(i.DEBUG_UART_Init)
    i.EraseAP                                0x00000768   Section        0  isp_user.o(i.EraseAP)
    i.FMC_Erase_User                         0x00000784   Section        0  fmc_user.o(i.FMC_Erase_User)
    i.FMC_Open                               0x000007ac   Section        0  fmc.o(i.FMC_Open)
    i.FMC_Read                               0x000007bc   Section        0  main.o(i.FMC_Read)
    FMC_Read                                 0x000007bd   Thumb Code    26  main.o(i.FMC_Read)
    i.FMC_Read_User                          0x000007dc   Section        0  fmc_user.o(i.FMC_Read_User)
    i.FMC_SetVectorPageAddr                  0x00000808   Section        0  isp_user.o(i.FMC_SetVectorPageAddr)
    FMC_SetVectorPageAddr                    0x00000809   Thumb Code    24  isp_user.o(i.FMC_SetVectorPageAddr)
    i.FMC_Write_User                         0x00000824   Section        0  fmc_user.o(i.FMC_Write_User)
    i.GetDataFlashInfo                       0x0000084c   Section        0  targetdev.o(i.GetDataFlashInfo)
    i.Hard_Fault_Handler                     0x000008c8   Section        0  retarget.o(i.Hard_Fault_Handler)
    __tagsym$$used                           0x000008c9   Number         0  retarget.o(i.Hard_Fault_Handler)
    i.IAPSystemReboot_RST                    0x000008f0   Section        0  isp_user.o(i.IAPSystemReboot_RST)
    i.NVIC_EnableIRQ                         0x00000958   Section        0  uart.o(i.NVIC_EnableIRQ)
    NVIC_EnableIRQ                           0x00000959   Thumb Code    14  uart.o(i.NVIC_EnableIRQ)
    i.NVIC_SystemReset                       0x0000096c   Section        0  isp_user.o(i.NVIC_SystemReset)
    NVIC_SystemReset                         0x0000096d   Thumb Code    16  isp_user.o(i.NVIC_SystemReset)
    i.ParseCmd                               0x00000984   Section        0  isp_user.o(i.ParseCmd)
    i.PutString                              0x00000bcc   Section        0  uart_transfer.o(i.PutString)
    i.ReadData                               0x00000bec   Section        0  fmc_user.o(i.ReadData)
    i.SYS_ClearResetSrc                      0x00000c08   Section        0  sys.o(i.SYS_ClearResetSrc)
    i.SYS_GetResetSrc                        0x00000c14   Section        0  sys.o(i.SYS_GetResetSrc)
    i.SYS_Init                               0x00000c1c   Section        0  main.o(i.SYS_Init)
    i.SYS_ResetCPU                           0x00000cc4   Section        0  sys.o(i.SYS_ResetCPU)
    i.SYS_ResetChip                          0x00000cd2   Section        0  sys.o(i.SYS_ResetChip)
    i.SYS_ResetModule                        0x00000ce0   Section        0  sys.o(i.SYS_ResetModule)
    i.SYS_UnlockReg                          0x00000cfc   Section        0  main.o(i.SYS_UnlockReg)
    SYS_UnlockReg                            0x00000cfd   Thumb Code    26  main.o(i.SYS_UnlockReg)
    i.SYS_UnlockReg                          0x00000d1c   Section        0  isp_user.o(i.SYS_UnlockReg)
    SYS_UnlockReg                            0x00000d1d   Thumb Code    26  isp_user.o(i.SYS_UnlockReg)
    i.SendChar_ToUART                        0x00000d3c   Section        0  retarget.o(i.SendChar_ToUART)
    i.SysTick_Handler                        0x00000d5c   Section        0  main.o(i.SysTick_Handler)
    i.SystemCoreClockUpdate                  0x00000da0   Section        0  system_nuc131.o(i.SystemCoreClockUpdate)
    i.SystemInit                             0x00000e30   Section        0  system_nuc131.o(i.SystemInit)
    i.TIMER1_Init                            0x00000e34   Section        0  main.o(i.TIMER1_Init)
    i.TIMER_GetModuleClock                   0x00000e5c   Section        0  timer.o(i.TIMER_GetModuleClock)
    i.TIMER_Open                             0x00000ec4   Section        0  timer.o(i.TIMER_Open)
    i.TMR1_IRQHandler                        0x00000f04   Section        0  main.o(i.TMR1_IRQHandler)
    i.UART02_IRQHandler                      0x00000f24   Section        0  uart_transfer.o(i.UART02_IRQHandler)
    i.UART1_IRQHandler                       0x00000f70   Section        0  main.o(i.UART1_IRQHandler)
    i.UART_ClearIntFlag                      0x00000fa4   Section        0  uart.o(i.UART_ClearIntFlag)
    i.UART_EnableInt                         0x00000ff0   Section        0  uart.o(i.UART_EnableInt)
    i.UART_Init                              0x00001044   Section        0  uart_transfer.o(i.UART_Init)
    i.UART_Open                              0x00001090   Section        0  uart.o(i.UART_Open)
    i.UARTx_Process                          0x00001118   Section        0  main.o(i.UARTx_Process)
    i.UPDC32                                 0x00001184   Section        0  main.o(i.UPDC32)
    i.UpdateConfig                           0x00001198   Section        0  isp_user.o(i.UpdateConfig)
    i.WriteData                              0x000011e4   Section        0  fmc_user.o(i.WriteData)
    i.__0printf$8                            0x00001200   Section        0  printf8.o(i.__0printf$8)
    i.__scatterload_copy                     0x00001220   Section       14  handlers.o(i.__scatterload_copy)
    i.__scatterload_null                     0x0000122e   Section        2  handlers.o(i.__scatterload_null)
    i.__scatterload_zeroinit                 0x00001230   Section       14  handlers.o(i.__scatterload_zeroinit)
    i._printf_core                           0x00001240   Section        0  printf8.o(i._printf_core)
    _printf_core                             0x00001241   Thumb Code  1020  printf8.o(i._printf_core)
    i._printf_post_padding                   0x00001668   Section        0  printf8.o(i._printf_post_padding)
    _printf_post_padding                     0x00001669   Thumb Code    32  printf8.o(i._printf_post_padding)
    i._printf_pre_padding                    0x00001688   Section        0  printf8.o(i._printf_pre_padding)
    _printf_pre_padding                      0x00001689   Thumb Code    44  printf8.o(i._printf_pre_padding)
    i.caculate_crc32_checksum                0x000016b4   Section        0  main.o(i.caculate_crc32_checksum)
    i.calculate_table                        0x0000175c   Section        0  main.o(i.calculate_table)
    i.check_reset_source                     0x00001790   Section        0  main.o(i.check_reset_source)
    i.fputc                                  0x00001a04   Section        0  retarget.o(i.fputc)
    i.main                                   0x00001a10   Section        0  main.o(i.main)
    i.read_magic_tag                         0x00001c38   Section        0  isp_user.o(i.read_magic_tag)
    i.stackDump                              0x00001c7c   Section        0  retarget.o(i.stackDump)
    stackDump                                0x00001c7d   Thumb Code    70  retarget.o(i.stackDump)
    i.systick_counter                        0x00001d24   Section        0  main.o(i.systick_counter)
    i.verify_application_chksum              0x00001d34   Section        0  main.o(i.verify_application_chksum)
    i.write_magic_tag                        0x00001e5c   Section        0  isp_user.o(i.write_magic_tag)
    .constdata                               0x00001e9c   Section       48  clk.o(.constdata)
    .constdata                               0x00001ecc   Section       48  uart.o(.constdata)
    .constdata                               0x00001efc   Section       32  timer.o(.constdata)
    .constdata                               0x00001f1c   Section       31  main.o(.constdata)
    __FUNCTION__                             0x00001f1c   Data          15  main.o(.constdata)
    __FUNCTION__                             0x00001f2b   Data          16  main.o(.constdata)
    .data                                    0x20000000   Section       44  system_nuc131.o(.data)
    .data                                    0x2000002c   Section        4  retarget.o(.data)
    .data                                    0x20000030   Section       24  main.o(.data)
    LOG                                      0x20000044   Data           4  main.o(.data)
    .data                                    0x20000048   Section       44  isp_user.o(.data)
    StartAddress                             0x20000048   Data           4  isp_user.o(.data)
    StartAddress_bak                         0x2000004c   Data           4  isp_user.o(.data)
    TotalLen                                 0x20000050   Data           4  isp_user.o(.data)
    TotalLen_bak                             0x20000054   Data           4  isp_user.o(.data)
    LastDataLen                              0x20000058   Data           4  isp_user.o(.data)
    g_packno                                 0x2000005c   Data           4  isp_user.o(.data)
    gcmd                                     0x20000060   Data           4  isp_user.o(.data)
    .data                                    0x20000074   Section        2  uart_transfer.o(.data)
    .bss                                     0x20000078   Section     1024  main.o(.bss)
    .bss                                     0x20000478   Section      576  isp_user.o(.bss)
    aprom_buf                                0x200004b8   Data         512  isp_user.o(.bss)
    .bss                                     0x200006b8   Section       64  uart_transfer.o(.bss)
    STACK                                    0x200006f8   Section     1024  startup_nuc131.o(STACK)
    .ARM.__AT_0x20001FFC                     0x20001ffc   Section        4  isp_user.o(.ARM.__AT_0x20001FFC)

    Global Symbols

    Symbol Name                              Value     Ov Type        Size  Object(Section)

    BuildAttributes$$THM_ISAv3M$S$PE$A:L22$X:L11$S22$IEEE1$IW$USESV6$~STKCKD$USESV7$~SHL$OSPACE$ROPI$EBA8$MICROLIB$REQ8$PRES8$EABIv2 0x00000000   Number         0  anon$$obj.o ABSOLUTE
    __ARM_use_no_argv                        0x00000000   Number         0  main.o ABSOLUTE
    __Vectors                                0x00000000   Data           4  startup_nuc131.o(RESET)
    _printf_a                                0x00000000   Number         0  stubs.o ABSOLUTE
    _printf_c                                0x00000000   Number         0  stubs.o ABSOLUTE
    _printf_charcount                        0x00000000   Number         0  stubs.o ABSOLUTE
    _printf_d                                0x00000000   Number         0  stubs.o ABSOLUTE
    _printf_e                                0x00000000   Number         0  stubs.o ABSOLUTE
    _printf_f                                0x00000000   Number         0  stubs.o ABSOLUTE
    _printf_flags                            0x00000000   Number         0  stubs.o ABSOLUTE
    _printf_fp_dec                           0x00000000   Number         0  stubs.o ABSOLUTE
    _printf_fp_hex                           0x00000000   Number         0  stubs.o ABSOLUTE
    _printf_g                                0x00000000   Number         0  stubs.o ABSOLUTE
    _printf_i                                0x00000000   Number         0  stubs.o ABSOLUTE
    _printf_int_dec                          0x00000000   Number         0  stubs.o ABSOLUTE
    _printf_l                                0x00000000   Number         0  stubs.o ABSOLUTE
    _printf_lc                               0x00000000   Number         0  stubs.o ABSOLUTE
    _printf_ll                               0x00000000   Number         0  stubs.o ABSOLUTE
    _printf_lld                              0x00000000   Number         0  stubs.o ABSOLUTE
    _printf_lli                              0x00000000   Number         0  stubs.o ABSOLUTE
    _printf_llo                              0x00000000   Number         0  stubs.o ABSOLUTE
    _printf_llu                              0x00000000   Number         0  stubs.o ABSOLUTE
    _printf_llx                              0x00000000   Number         0  stubs.o ABSOLUTE
    _printf_longlong_dec                     0x00000000   Number         0  stubs.o ABSOLUTE
    _printf_longlong_hex                     0x00000000   Number         0  stubs.o ABSOLUTE
    _printf_longlong_oct                     0x00000000   Number         0  stubs.o ABSOLUTE
    _printf_ls                               0x00000000   Number         0  stubs.o ABSOLUTE
    _printf_mbtowc                           0x00000000   Number         0  stubs.o ABSOLUTE
    _printf_n                                0x00000000   Number         0  stubs.o ABSOLUTE
    _printf_o                                0x00000000   Number         0  stubs.o ABSOLUTE
    _printf_p                                0x00000000   Number         0  stubs.o ABSOLUTE
    _printf_percent                          0x00000000   Number         0  stubs.o ABSOLUTE
    _printf_pre_padding                      0x00000000   Number         0  stubs.o ABSOLUTE
    _printf_return_value                     0x00000000   Number         0  stubs.o ABSOLUTE
    _printf_s                                0x00000000   Number         0  stubs.o ABSOLUTE
    _printf_sizespec                         0x00000000   Number         0  stubs.o ABSOLUTE
    _printf_str                              0x00000000   Number         0  stubs.o ABSOLUTE
    _printf_truncate_signed                  0x00000000   Number         0  stubs.o ABSOLUTE
    _printf_truncate_unsigned                0x00000000   Number         0  stubs.o ABSOLUTE
    _printf_u                                0x00000000   Number         0  stubs.o ABSOLUTE
    _printf_wc                               0x00000000   Number         0  stubs.o ABSOLUTE
    _printf_wctomb                           0x00000000   Number         0  stubs.o ABSOLUTE
    _printf_widthprec                        0x00000000   Number         0  stubs.o ABSOLUTE
    _printf_x                                0x00000000   Number         0  stubs.o ABSOLUTE
    __cpp_initialize__aeabi_                  - Undefined Weak Reference
    __cxa_finalize                            - Undefined Weak Reference
    __decompress                              - Undefined Weak Reference
    _clock_init                               - Undefined Weak Reference
    _microlib_exit                            - Undefined Weak Reference
    __main                                   0x000000c1   Thumb Code     0  entry.o(.ARM.Collect$$$$00000000)
    _main_stk                                0x000000c1   Thumb Code     0  entry2.o(.ARM.Collect$$$$00000001)
    _main_scatterload                        0x000000c5   Thumb Code     0  entry5.o(.ARM.Collect$$$$00000004)
    __main_after_scatterload                 0x000000c9   Thumb Code     0  entry5.o(.ARM.Collect$$$$00000004)
    _main_clock                              0x000000c9   Thumb Code     0  entry7b.o(.ARM.Collect$$$$00000008)
    _main_cpp_init                           0x000000c9   Thumb Code     0  entry8b.o(.ARM.Collect$$$$0000000A)
    _main_init                               0x000000c9   Thumb Code     0  entry9a.o(.ARM.Collect$$$$0000000B)
    __rt_final_cpp                           0x000000d1   Thumb Code     0  entry10a.o(.ARM.Collect$$$$0000000D)
    __rt_final_exit                          0x000000d1   Thumb Code     0  entry11a.o(.ARM.Collect$$$$0000000F)
    HardFault_Handler                        0x000000d5   Thumb Code    24  retarget.o(.emb_text)
    Reset_Handler                            0x000000f1   Thumb Code    32  startup_nuc131.o(.text)
    NMI_Handler                              0x00000111   Thumb Code     2  startup_nuc131.o(.text)
    SVC_Handler                              0x00000115   Thumb Code     2  startup_nuc131.o(.text)
    PendSV_Handler                           0x00000117   Thumb Code     2  startup_nuc131.o(.text)
    ADC_IRQHandler                           0x0000011b   Thumb Code     0  startup_nuc131.o(.text)
    BOD_IRQHandler                           0x0000011b   Thumb Code     0  startup_nuc131.o(.text)
    BPWM0_IRQHandler                         0x0000011b   Thumb Code     0  startup_nuc131.o(.text)
    BPWM1_IRQHandler                         0x0000011b   Thumb Code     0  startup_nuc131.o(.text)
    BRAKE0_IRQHandler                        0x0000011b   Thumb Code     0  startup_nuc131.o(.text)
    BRAKE1_IRQHandler                        0x0000011b   Thumb Code     0  startup_nuc131.o(.text)
    CAN0_IRQHandler                          0x0000011b   Thumb Code     0  startup_nuc131.o(.text)
    CAN1_IRQHandler                          0x0000011b   Thumb Code     0  startup_nuc131.o(.text)
    CKD_IRQHandler                           0x0000011b   Thumb Code     0  startup_nuc131.o(.text)
    EINT0_IRQHandler                         0x0000011b   Thumb Code     0  startup_nuc131.o(.text)
    EINT1_IRQHandler                         0x0000011b   Thumb Code     0  startup_nuc131.o(.text)
    GPAB_IRQHandler                          0x0000011b   Thumb Code     0  startup_nuc131.o(.text)
    GPCDEF_IRQHandler                        0x0000011b   Thumb Code     0  startup_nuc131.o(.text)
    I2C0_IRQHandler                          0x0000011b   Thumb Code     0  startup_nuc131.o(.text)
    I2C1_IRQHandler                          0x0000011b   Thumb Code     0  startup_nuc131.o(.text)
    PWM0_IRQHandler                          0x0000011b   Thumb Code     0  startup_nuc131.o(.text)
    PWM1_IRQHandler                          0x0000011b   Thumb Code     0  startup_nuc131.o(.text)
    PWRWU_IRQHandler                         0x0000011b   Thumb Code     0  startup_nuc131.o(.text)
    RTC_IRQHandler                           0x0000011b   Thumb Code     0  startup_nuc131.o(.text)
    SPI0_IRQHandler                          0x0000011b   Thumb Code     0  startup_nuc131.o(.text)
    TMR0_IRQHandler                          0x0000011b   Thumb Code     0  startup_nuc131.o(.text)
    TMR2_IRQHandler                          0x0000011b   Thumb Code     0  startup_nuc131.o(.text)
    TMR3_IRQHandler                          0x0000011b   Thumb Code     0  startup_nuc131.o(.text)
    UART3_IRQHandler                         0x0000011b   Thumb Code     0  startup_nuc131.o(.text)
    UART4_IRQHandler                         0x0000011b   Thumb Code     0  startup_nuc131.o(.text)
    UART5_IRQHandler                         0x0000011b   Thumb Code     0  startup_nuc131.o(.text)
    WDT_IRQHandler                           0x0000011b   Thumb Code     0  startup_nuc131.o(.text)
    __aeabi_uidiv                            0x0000013d   Thumb Code     0  uidiv.o(.text)
    __aeabi_uidivmod                         0x0000013d   Thumb Code    44  uidiv.o(.text)
    __aeabi_memcpy                           0x00000169   Thumb Code    36  memcpya.o(.text)
    __aeabi_memcpy4                          0x00000169   Thumb Code     0  memcpya.o(.text)
    __aeabi_memcpy8                          0x00000169   Thumb Code     0  memcpya.o(.text)
    __aeabi_memset                           0x0000018d   Thumb Code    14  memseta.o(.text)
    __aeabi_memset4                          0x0000018d   Thumb Code     0  memseta.o(.text)
    __aeabi_memset8                          0x0000018d   Thumb Code     0  memseta.o(.text)
    __aeabi_memclr                           0x0000019b   Thumb Code     4  memseta.o(.text)
    __aeabi_memclr4                          0x0000019b   Thumb Code     0  memseta.o(.text)
    __aeabi_memclr8                          0x0000019b   Thumb Code     0  memseta.o(.text)
    _memset$wrapper                          0x0000019f   Thumb Code    18  memseta.o(.text)
    __aeabi_uldivmod                         0x000001b1   Thumb Code    96  uldiv.o(.text)
    __scatterload                            0x00000211   Thumb Code    28  init.o(.text)
    __scatterload_rt2                        0x00000211   Thumb Code     0  init.o(.text)
    __aeabi_llsl                             0x00000235   Thumb Code    32  llshl.o(.text)
    _ll_shift_l                              0x00000235   Thumb Code     0  llshl.o(.text)
    __aeabi_llsr                             0x00000255   Thumb Code    34  llushr.o(.text)
    _ll_ushift_r                             0x00000255   Thumb Code     0  llushr.o(.text)
    CLK_EnableModuleClock                    0x00000279   Thumb Code    40  clk.o(i.CLK_EnableModuleClock)
    CLK_EnablePLL                            0x000002a9   Thumb Code   348  clk.o(i.CLK_EnablePLL)
    CLK_EnableXtalRC                         0x00000441   Thumb Code    10  clk.o(i.CLK_EnableXtalRC)
    CLK_GetCPUFreq                           0x00000451   Thumb Code    12  clk.o(i.CLK_GetCPUFreq)
    CLK_GetHCLKFreq                          0x00000461   Thumb Code    12  clk.o(i.CLK_GetHCLKFreq)
    CLK_GetHXTFreq                           0x00000471   Thumb Code    12  clk.o(i.CLK_GetHXTFreq)
    CLK_GetPCLKFreq                          0x00000485   Thumb Code    12  clk.o(i.CLK_GetPCLKFreq)
    CLK_SetCoreClock                         0x000004ed   Thumb Code   114  clk.o(i.CLK_SetCoreClock)
    CLK_SetHCLK                              0x00000569   Thumb Code    66  clk.o(i.CLK_SetHCLK)
    CLK_SetModuleClock                       0x000005b1   Thumb Code    88  clk.o(i.CLK_SetModuleClock)
    CLK_WaitClockReady                       0x00000611   Thumb Code    34  clk.o(i.CLK_WaitClockReady)
    DEBUG_UART_Init                          0x00000655   Thumb Code    86  main.o(i.DEBUG_UART_Init)
    EraseAP                                  0x00000769   Thumb Code    26  isp_user.o(i.EraseAP)
    FMC_Erase_User                           0x00000785   Thumb Code    34  fmc_user.o(i.FMC_Erase_User)
    FMC_Open                                 0x000007ad   Thumb Code    12  fmc.o(i.FMC_Open)
    FMC_Read_User                            0x000007dd   Thumb Code    40  fmc_user.o(i.FMC_Read_User)
    FMC_Write_User                           0x00000825   Thumb Code    36  fmc_user.o(i.FMC_Write_User)
    GetDataFlashInfo                         0x0000084d   Thumb Code   108  targetdev.o(i.GetDataFlashInfo)
    Hard_Fault_Handler                       0x000008c9   Thumb Code    16  retarget.o(i.Hard_Fault_Handler)
    IAPSystemReboot_RST                      0x000008f1   Thumb Code    94  isp_user.o(i.IAPSystemReboot_RST)
    ParseCmd                                 0x00000985   Thumb Code   562  isp_user.o(i.ParseCmd)
    PutString                                0x00000bcd   Thumb Code    24  uart_transfer.o(i.PutString)
    ReadData                                 0x00000bed   Thumb Code    28  fmc_user.o(i.ReadData)
    SYS_ClearResetSrc                        0x00000c09   Thumb Code    12  sys.o(i.SYS_ClearResetSrc)
    SYS_GetResetSrc                          0x00000c15   Thumb Code     8  sys.o(i.SYS_GetResetSrc)
    SYS_Init                                 0x00000c1d   Thumb Code   152  main.o(i.SYS_Init)
    SYS_ResetCPU                             0x00000cc5   Thumb Code    14  sys.o(i.SYS_ResetCPU)
    SYS_ResetChip                            0x00000cd3   Thumb Code    14  sys.o(i.SYS_ResetChip)
    SYS_ResetModule                          0x00000ce1   Thumb Code    26  sys.o(i.SYS_ResetModule)
    SendChar_ToUART                          0x00000d3d   Thumb Code    26  retarget.o(i.SendChar_ToUART)
    SysTick_Handler                          0x00000d5d   Thumb Code    46  main.o(i.SysTick_Handler)
    SystemCoreClockUpdate                    0x00000da1   Thumb Code   118  system_nuc131.o(i.SystemCoreClockUpdate)
    SystemInit                               0x00000e31   Thumb Code     2  system_nuc131.o(i.SystemInit)
    TIMER1_Init                              0x00000e35   Thumb Code    30  main.o(i.TIMER1_Init)
    TIMER_GetModuleClock                     0x00000e5d   Thumb Code    82  timer.o(i.TIMER_GetModuleClock)
    TIMER_Open                               0x00000ec5   Thumb Code    64  timer.o(i.TIMER_Open)
    TMR1_IRQHandler                          0x00000f05   Thumb Code    24  main.o(i.TMR1_IRQHandler)
    UART02_IRQHandler                        0x00000f25   Thumb Code    64  uart_transfer.o(i.UART02_IRQHandler)
    UART1_IRQHandler                         0x00000f71   Thumb Code    46  main.o(i.UART1_IRQHandler)
    UART_ClearIntFlag                        0x00000fa5   Thumb Code    66  uart.o(i.UART_ClearIntFlag)
    UART_EnableInt                           0x00000ff1   Thumb Code    62  uart.o(i.UART_EnableInt)
    UART_Init                                0x00001045   Thumb Code    54  uart_transfer.o(i.UART_Init)
    UART_Open                                0x00001091   Thumb Code   120  uart.o(i.UART_Open)
    UARTx_Process                            0x00001119   Thumb Code    60  main.o(i.UARTx_Process)
    UPDC32                                   0x00001185   Thumb Code    16  main.o(i.UPDC32)
    UpdateConfig                             0x00001199   Thumb Code    68  isp_user.o(i.UpdateConfig)
    WriteData                                0x000011e5   Thumb Code    28  fmc_user.o(i.WriteData)
    __0printf$8                              0x00001201   Thumb Code    24  printf8.o(i.__0printf$8)
    __1printf$8                              0x00001201   Thumb Code     0  printf8.o(i.__0printf$8)
    __2printf                                0x00001201   Thumb Code     0  printf8.o(i.__0printf$8)
    __scatterload_copy                       0x00001221   Thumb Code    14  handlers.o(i.__scatterload_copy)
    __scatterload_null                       0x0000122f   Thumb Code     2  handlers.o(i.__scatterload_null)
    __scatterload_zeroinit                   0x00001231   Thumb Code    14  handlers.o(i.__scatterload_zeroinit)
    caculate_crc32_checksum                  0x000016b5   Thumb Code   110  main.o(i.caculate_crc32_checksum)
    calculate_table                          0x0000175d   Thumb Code    42  main.o(i.calculate_table)
    check_reset_source                       0x00001791   Thumb Code   148  main.o(i.check_reset_source)
    fputc                                    0x00001a05   Thumb Code    12  retarget.o(i.fputc)
    main                                     0x00001a11   Thumb Code   248  main.o(i.main)
    read_magic_tag                           0x00001c39   Thumb Code    18  isp_user.o(i.read_magic_tag)
    systick_counter                          0x00001d25   Thumb Code    10  main.o(i.systick_counter)
    verify_application_chksum                0x00001d35   Thumb Code    76  main.o(i.verify_application_chksum)
    write_magic_tag                          0x00001e5d   Thumb Code    16  isp_user.o(i.write_magic_tag)
    Region$$Table$$Base                      0x00001f3c   Number         0  anon$$obj.o(Region$$Table)
    Region$$Table$$Limit                     0x00001f5c   Number         0  anon$$obj.o(Region$$Table)
    SystemCoreClock                          0x20000000   Data           4  system_nuc131.o(.data)
    CyclesPerUs                              0x20000004   Data           4  system_nuc131.o(.data)
    PllClock                                 0x20000008   Data           4  system_nuc131.o(.data)
    gau32ClkSrcTbl                           0x2000000c   Data          32  system_nuc131.o(.data)
    __stdout                                 0x2000002c   Data           4  retarget.o(.data)
    BitFlag                                  0x20000030   Data           4  main.o(.data)
    counter_tick                             0x20000034   Data           4  main.o(.data)
    counter_systick                          0x20000038   Data           4  main.o(.data)
    timeout_cnt                              0x2000003c   Data           4  main.o(.data)
    state                                    0x20000040   Data           4  main.o(.data)
    bUpdateApromCmd                          0x20000064   Data           4  isp_user.o(.data)
    g_apromSize                              0x20000068   Data           4  isp_user.o(.data)
    g_dataFlashAddr                          0x2000006c   Data           4  isp_user.o(.data)
    g_dataFlashSize                          0x20000070   Data           4  isp_user.o(.data)
    bUartDataReady                           0x20000074   Data           1  uart_transfer.o(.data)
    bufhead                                  0x20000075   Data           1  uart_transfer.o(.data)
    table                                    0x20000078   Data        1024  main.o(.bss)
    response_buff                            0x20000478   Data          64  isp_user.o(.bss)
    uart_rcvbuf                              0x200006b8   Data          64  uart_transfer.o(.bss)
    __initial_sp                             0x20000af8   Data           0  startup_nuc131.o(STACK)
    flag_check_ISP_process                   0x20001ffc   Data           4  isp_user.o(.ARM.__AT_0x20001FFC)



==============================================================================

Memory Map of the image

  Image Entry point : 0x000000f1

  Load Region LOAD_ROM_1 (Base: 0x00000000, Size: 0x00001fd4, Max: 0x00003000, ABSOLUTE)

    Execution Region APROM_Bootloader.bin (Exec base: 0x00000000, Load base: 0x00000000, Size: 0x00001f5c, Max: 0x00003000, ABSOLUTE)

    Exec Addr    Load Addr    Size         Type   Attr      Idx    E Section Name        Object

    0x00000000   0x00000000   0x000000c0   Data   RO           95    RESET               startup_nuc131.o
    0x000000c0   0x000000c0   0x00000000   Code   RO         1201  * .ARM.Collect$$$$00000000  mc_p.l(entry.o)
    0x000000c0   0x000000c0   0x00000004   Code   RO         1471    .ARM.Collect$$$$00000001  mc_p.l(entry2.o)
    0x000000c4   0x000000c4   0x00000004   Code   RO         1474    .ARM.Collect$$$$00000004  mc_p.l(entry5.o)
    0x000000c8   0x000000c8   0x00000000   Code   RO         1476    .ARM.Collect$$$$00000008  mc_p.l(entry7b.o)
    0x000000c8   0x000000c8   0x00000000   Code   RO         1478    .ARM.Collect$$$$0000000A  mc_p.l(entry8b.o)
    0x000000c8   0x000000c8   0x00000008   Code   RO         1479    .ARM.Collect$$$$0000000B  mc_p.l(entry9a.o)
    0x000000d0   0x000000d0   0x00000000   Code   RO         1481    .ARM.Collect$$$$0000000D  mc_p.l(entry10a.o)
    0x000000d0   0x000000d0   0x00000000   Code   RO         1483    .ARM.Collect$$$$0000000F  mc_p.l(entry11a.o)
    0x000000d0   0x000000d0   0x00000004   Code   RO         1472    .ARM.Collect$$$$00002712  mc_p.l(entry2.o)
    0x000000d4   0x000000d4   0x0000001c   Code   RO          366    .emb_text           retarget.o
    0x000000f0   0x000000f0   0x0000004c   Code   RO           96  * .text               startup_nuc131.o
    0x0000013c   0x0000013c   0x0000002c   Code   RO         1202    .text               mc_p.l(uidiv.o)
    0x00000168   0x00000168   0x00000024   Code   RO         1204    .text               mc_p.l(memcpya.o)
    0x0000018c   0x0000018c   0x00000024   Code   RO         1206    .text               mc_p.l(memseta.o)
    0x000001b0   0x000001b0   0x00000060   Code   RO         1485    .text               mc_p.l(uldiv.o)
    0x00000210   0x00000210   0x00000024   Code   RO         1498    .text               mc_p.l(init.o)
    0x00000234   0x00000234   0x00000020   Code   RO         1500    .text               mc_p.l(llshl.o)
    0x00000254   0x00000254   0x00000022   Code   RO         1502    .text               mc_p.l(llushr.o)
    0x00000276   0x00000276   0x00000002   PAD
    0x00000278   0x00000278   0x00000030   Code   RO          231    i.CLK_EnableModuleClock  clk.o
    0x000002a8   0x000002a8   0x00000198   Code   RO          232    i.CLK_EnablePLL     clk.o
    0x00000440   0x00000440   0x00000010   Code   RO          234    i.CLK_EnableXtalRC  clk.o
    0x00000450   0x00000450   0x00000010   Code   RO          235    i.CLK_GetCPUFreq    clk.o
    0x00000460   0x00000460   0x00000010   Code   RO          236    i.CLK_GetHCLKFreq   clk.o
    0x00000470   0x00000470   0x00000014   Code   RO          237    i.CLK_GetHXTFreq    clk.o
    0x00000484   0x00000484   0x00000010   Code   RO          238    i.CLK_GetPCLKFreq   clk.o
    0x00000494   0x00000494   0x00000058   Code   RO          455    i.CLK_GetPLLClockFreq  uart.o
    0x000004ec   0x000004ec   0x0000007c   Code   RO          241    i.CLK_SetCoreClock  clk.o
    0x00000568   0x00000568   0x00000048   Code   RO          242    i.CLK_SetHCLK       clk.o
    0x000005b0   0x000005b0   0x00000060   Code   RO          243    i.CLK_SetModuleClock  clk.o
    0x00000610   0x00000610   0x0000002c   Code   RO          245    i.CLK_WaitClockReady  clk.o
    0x0000063c   0x0000063c   0x00000018   Code   RO         1035    i.Checksum          isp_user.o
    0x00000654   0x00000654   0x00000114   Code   RO          744    i.DEBUG_UART_Init   main.o
    0x00000768   0x00000768   0x0000001a   Code   RO         1036    i.EraseAP           isp_user.o
    0x00000782   0x00000782   0x00000002   PAD
    0x00000784   0x00000784   0x00000028   Code   RO          988    i.FMC_Erase_User    fmc_user.o
    0x000007ac   0x000007ac   0x00000010   Code   RO          110    i.FMC_Open          fmc.o
    0x000007bc   0x000007bc   0x00000020   Code   RO          745    i.FMC_Read          main.o
    0x000007dc   0x000007dc   0x0000002c   Code   RO          989    i.FMC_Read_User     fmc_user.o
    0x00000808   0x00000808   0x0000001c   Code   RO         1037    i.FMC_SetVectorPageAddr  isp_user.o
    0x00000824   0x00000824   0x00000028   Code   RO          990    i.FMC_Write_User    fmc_user.o
    0x0000084c   0x0000084c   0x0000007c   Code   RO         1132    i.GetDataFlashInfo  targetdev.o
    0x000008c8   0x000008c8   0x00000028   Code   RO          368    i.Hard_Fault_Handler  retarget.o
    0x000008f0   0x000008f0   0x00000068   Code   RO         1038    i.IAPSystemReboot_RST  isp_user.o
    0x00000958   0x00000958   0x00000014   Code   RO          457    i.NVIC_EnableIRQ    uart.o
    0x0000096c   0x0000096c   0x00000018   Code   RO         1039    i.NVIC_SystemReset  isp_user.o
    0x00000984   0x00000984   0x00000248   Code   RO         1040    i.ParseCmd          isp_user.o
    0x00000bcc   0x00000bcc   0x00000020   Code   RO         1157    i.PutString         uart_transfer.o
    0x00000bec   0x00000bec   0x0000001c   Code   RO          991    i.ReadData          fmc_user.o
    0x00000c08   0x00000c08   0x0000000c   Code   RO          670    i.SYS_ClearResetSrc  sys.o
    0x00000c14   0x00000c14   0x00000008   Code   RO          674    i.SYS_GetResetSrc   sys.o
    0x00000c1c   0x00000c1c   0x000000a8   Code   RO          747    i.SYS_Init          main.o
    0x00000cc4   0x00000cc4   0x0000000e   Code   RO          677    i.SYS_ResetCPU      sys.o
    0x00000cd2   0x00000cd2   0x0000000e   Code   RO          678    i.SYS_ResetChip     sys.o
    0x00000ce0   0x00000ce0   0x0000001a   Code   RO          679    i.SYS_ResetModule   sys.o
    0x00000cfa   0x00000cfa   0x00000002   PAD
    0x00000cfc   0x00000cfc   0x00000020   Code   RO          748    i.SYS_UnlockReg     main.o
    0x00000d1c   0x00000d1c   0x00000020   Code   RO         1041    i.SYS_UnlockReg     isp_user.o
    0x00000d3c   0x00000d3c   0x00000020   Code   RO          371    i.SendChar_ToUART   retarget.o
    0x00000d5c   0x00000d5c   0x00000044   Code   RO          749    i.SysTick_Handler   main.o
    0x00000da0   0x00000da0   0x00000090   Code   RO            3    i.SystemCoreClockUpdate  system_nuc131.o
    0x00000e30   0x00000e30   0x00000002   Code   RO            4    i.SystemInit        system_nuc131.o
    0x00000e32   0x00000e32   0x00000002   PAD
    0x00000e34   0x00000e34   0x00000028   Code   RO          750    i.TIMER1_Init       main.o
    0x00000e5c   0x00000e5c   0x00000068   Code   RO          581    i.TIMER_GetModuleClock  timer.o
    0x00000ec4   0x00000ec4   0x00000040   Code   RO          582    i.TIMER_Open        timer.o
    0x00000f04   0x00000f04   0x00000020   Code   RO          751    i.TMR1_IRQHandler   main.o
    0x00000f24   0x00000f24   0x0000004c   Code   RO         1158    i.UART02_IRQHandler  uart_transfer.o
    0x00000f70   0x00000f70   0x00000034   Code   RO          752    i.UART1_IRQHandler  main.o
    0x00000fa4   0x00000fa4   0x0000004c   Code   RO          458    i.UART_ClearIntFlag  uart.o
    0x00000ff0   0x00000ff0   0x00000054   Code   RO          463    i.UART_EnableInt    uart.o
    0x00001044   0x00001044   0x0000004c   Code   RO         1159    i.UART_Init         uart_transfer.o
    0x00001090   0x00001090   0x00000088   Code   RO          464    i.UART_Open         uart.o
    0x00001118   0x00001118   0x0000006c   Code   RO          753    i.UARTx_Process     main.o
    0x00001184   0x00001184   0x00000014   Code   RO          754    i.UPDC32            main.o
    0x00001198   0x00001198   0x0000004c   Code   RO         1043    i.UpdateConfig      isp_user.o
    0x000011e4   0x000011e4   0x0000001c   Code   RO          992    i.WriteData         fmc_user.o
    0x00001200   0x00001200   0x00000020   Code   RO         1417    i.__0printf$8       mc_p.l(printf8.o)
    0x00001220   0x00001220   0x0000000e   Code   RO         1512    i.__scatterload_copy  mc_p.l(handlers.o)
    0x0000122e   0x0000122e   0x00000002   Code   RO         1513    i.__scatterload_null  mc_p.l(handlers.o)
    0x00001230   0x00001230   0x0000000e   Code   RO         1514    i.__scatterload_zeroinit  mc_p.l(handlers.o)
    0x0000123e   0x0000123e   0x00000002   PAD
    0x00001240   0x00001240   0x00000428   Code   RO         1424    i._printf_core      mc_p.l(printf8.o)
    0x00001668   0x00001668   0x00000020   Code   RO         1425    i._printf_post_padding  mc_p.l(printf8.o)
    0x00001688   0x00001688   0x0000002c   Code   RO         1426    i._printf_pre_padding  mc_p.l(printf8.o)
    0x000016b4   0x000016b4   0x000000a8   Code   RO          755    i.caculate_crc32_checksum  main.o
    0x0000175c   0x0000175c   0x00000034   Code   RO          756    i.calculate_table   main.o
    0x00001790   0x00001790   0x00000274   Code   RO          757    i.check_reset_source  main.o
    0x00001a04   0x00001a04   0x0000000c   Code   RO          375    i.fputc             retarget.o
    0x00001a10   0x00001a10   0x00000228   Code   RO          766    i.main              main.o
    0x00001c38   0x00001c38   0x00000044   Code   RO         1044    i.read_magic_tag    isp_user.o
    0x00001c7c   0x00001c7c   0x000000a8   Code   RO          377    i.stackDump         retarget.o
    0x00001d24   0x00001d24   0x00000010   Code   RO          770    i.systick_counter   main.o
    0x00001d34   0x00001d34   0x00000128   Code   RO          772    i.verify_application_chksum  main.o
    0x00001e5c   0x00001e5c   0x00000040   Code   RO         1045    i.write_magic_tag   isp_user.o
    0x00001e9c   0x00001e9c   0x00000030   Data   RO          246    .constdata          clk.o
    0x00001ecc   0x00001ecc   0x00000030   Data   RO          472    .constdata          uart.o
    0x00001efc   0x00001efc   0x00000020   Data   RO          583    .constdata          timer.o
    0x00001f1c   0x00001f1c   0x0000001f   Data   RO          774    .constdata          main.o
    0x00001f3b   0x00001f3b   0x00000001   PAD
    0x00001f3c   0x00001f3c   0x00000020   Data   RO         1510    Region$$Table       anon$$obj.o


    Execution Region SRAM (Exec base: 0x20000000, Load base: 0x00001f5c, Size: 0x00000af8, Max: 0x00001ffc, ABSOLUTE)

    Exec Addr    Load Addr    Size         Type   Attr      Idx    E Section Name        Object

    0x20000000   0x00001f5c   0x0000002c   Data   RW            5    .data               system_nuc131.o
    0x2000002c   0x00001f88   0x00000004   Data   RW          378    .data               retarget.o
    0x20000030   0x00001f8c   0x00000018   Data   RW          775    .data               main.o
    0x20000048   0x00001fa4   0x0000002c   Data   RW         1048    .data               isp_user.o
    0x20000074   0x00001fd0   0x00000002   Data   RW         1161    .data               uart_transfer.o
    0x20000076   0x00001fd2   0x00000002   PAD
    0x20000078        -       0x00000400   Zero   RW          773    .bss                main.o
    0x20000478        -       0x00000240   Zero   RW         1047    .bss                isp_user.o
    0x200006b8        -       0x00000040   Zero   RW         1160    .bss                uart_transfer.o
    0x200006f8        -       0x00000400   Zero   RW           93    STACK               startup_nuc131.o



  Load Region LR$$.ARM.__AT_0x20001FFC (Base: 0x20001ffc, Size: 0x00000000, Max: 0x00000004, ABSOLUTE)

    Execution Region ER$$.ARM.__AT_0x20001FFC (Exec base: 0x20001ffc, Load base: 0x20001ffc, Size: 0x00000004, Max: 0x00000004, ABSOLUTE, UNINIT)

    Exec Addr    Load Addr    Size         Type   Attr      Idx    E Section Name        Object

    0x20001ffc        -       0x00000004   Zero   RW         1046    .ARM.__AT_0x20001FFC  isp_user.o


==============================================================================

Image component sizes


      Code (inc. data)   RO Data    RW Data    ZI Data      Debug   Object Name

       876        128         48          0          0       8272   clk.o
        16          4          0          0          0     112459   fmc.o
       180         14          0          0          0       3117   fmc_user.o
      1030        156          0         44        580      61166   isp_user.o
      2540       1394         31         24       1024     177973   main.o
       280        132          0          4          0       4834   retarget.o
        76         32        192          0       1024        736   startup_nuc131.o
        74          0          0          0          0       2519   sys.o
       146         26          0         44          0     130335   system_nuc131.o
       124         16          0          0          0       1043   targetdev.o
       168         22         32          0          0       2036   timer.o
       404         72         48          0          0       9629   uart.o
       184         42          0          2         64       8149   uart_transfer.o

    ----------------------------------------------------------------------
      6104       2038        384        120       2692     522268   Object Totals
         0          0         32          0          0          0   (incl. Generated)
         6          0          1          2          0          0   (incl. Padding)

    ----------------------------------------------------------------------

      Code (inc. data)   RO Data    RW Data    ZI Data      Debug   Library Member Name

         0          0          0          0          0          0   entry.o
         0          0          0          0          0          0   entry10a.o
         0          0          0          0          0          0   entry11a.o
         8          4          0          0          0          0   entry2.o
         4          0          0          0          0          0   entry5.o
         0          0          0          0          0          0   entry7b.o
         0          0          0          0          0          0   entry8b.o
         8          4          0          0          0          0   entry9a.o
        30          0          0          0          0          0   handlers.o
        36          8          0          0          0         68   init.o
        32          0          0          0          0         68   llshl.o
        34          0          0          0          0         68   llushr.o
        36          0          0          0          0         60   memcpya.o
        36          0          0          0          0        100   memseta.o
      1172         52          0          0          0        324   printf8.o
        44          0          0          0          0         72   uidiv.o
        96          0          0          0          0         84   uldiv.o

    ----------------------------------------------------------------------
      1540         68          0          0          0        844   Library Totals
         4          0          0          0          0          0   (incl. Padding)

    ----------------------------------------------------------------------

      Code (inc. data)   RO Data    RW Data    ZI Data      Debug   Library Name

      1536         68          0          0          0        844   mc_p.l

    ----------------------------------------------------------------------
      1540         68          0          0          0        844   Library Totals

    ----------------------------------------------------------------------

==============================================================================


      Code (inc. data)   RO Data    RW Data    ZI Data      Debug   

      7644       2106        384        120       2692     520176   Grand Totals
      7644       2106        384        120       2692     520176   ELF Image Totals
      7644       2106        384        120          0          0   ROM Totals

==============================================================================

    Total RO  Size (Code + RO Data)                 8028 (   7.84kB)
    Total RW  Size (RW Data + ZI Data)              2812 (   2.75kB)
    Total ROM Size (Code + RO Data + RW Data)       8148 (   7.96kB)

==============================================================================

