<html>
<body>
<pre>
<h1>µVision Build Log</h1>
<h2>Tool Versions:</h2>
IDE-Version: £gVision V5.26.2.0
Copyright (C) 2018 ARM Ltd and ARM Germany GmbH. All rights reserved.
License Information: WT WT WT Flex license: MDK-ARM Professional: 4 user(s) (mdk_pro) Support: May 2022
 
Tool Versions:
Toolchain:       MDK-ARM Professional: 4 user(s)  Version: 5.26.2.0
Toolchain Path:  C:\Keil_v5\ARM\ARMCC\Bin
C Compiler:      Armcc.exe V5.06 update 6 (build 750)
Assembler:       Armasm.exe V5.06 update 6 (build 750)
Linker/Locator:  ArmLink.exe V5.06 update 6 (build 750)
Library Manager: ArmAr.exe V5.06 update 6 (build 750)
Hex Converter:   FromElf.exe V5.06 update 6 (build 750)
CPU DLL:         SARMCM3.DLL V5.26.2.0
Dialog DLL:      DARMCM1.DLL V1.19.1.0
Target DLL:      NULink\Nu_Link.dll V3.09
Dialog DLL:      TARMCM1.DLL V1.14.0.0
 
<h2>Project:</h2>
D:\SourceCode\_Avery_NUC131\NUC131BSP_IAP_UART_APROM\SampleCode\Template\ISP_UART\Keil\Template.uvproj
Project File Date:  07/04/2022

<h2>Output:</h2>
*** Using Compiler 'V5.06 update 6 (build 750)', folder: 'C:\Keil_v5\ARM\ARMCC\Bin'
Rebuild target 'Template'
creating preprocessor file for system_NUC131.c...
assembling startup_NUC131.s...
creating preprocessor file for fmc.c...
creating preprocessor file for clk.c...
compiling system_NUC131.c...
compiling fmc.c...
creating preprocessor file for retarget.c...
compiling clk.c...
creating preprocessor file for uart.c...
creating preprocessor file for timer.c...
compiling retarget.c...
creating preprocessor file for gpio.c...
compiling uart.c...
compiling timer.c...
creating preprocessor file for sys.c...
compiling gpio.c...
creating preprocessor file for main.c...
creating preprocessor file for FMC_USER.c...
compiling sys.c...
creating preprocessor file for ISP_USER.c...
compiling main.c...
compiling FMC_USER.c...
creating preprocessor file for targetdev.c...
creating preprocessor file for uart_transfer.c...
compiling ISP_USER.c...
compiling targetdev.c...
compiling uart_transfer.c...
linking...
Program Size: Code=7644 RO-data=384 RW-data=120 ZI-data=2692  
FromELF: creating hex file...
After Build - User command #1: fromelf --bin ".\obj\APROM_Bootloader.axf" --output ".\obj\APROM_Bootloader.bin"
After Build - User command #2: fromelf --text -c ".\obj\APROM_Bootloader.axf" --output ".\obj\APROM_Bootloader.txt"
".\obj\APROM_Bootloader.axf" - 0 Error(s), 0 Warning(s).
Build Time Elapsed:  00:00:14
</pre>
</body>
</html>
