Component: ARM Compiler 5.06 update 6 (build 750) Tool: armlink [4d35ed]

==============================================================================

Small function inlining results

Inlined total of 0 calls.

==============================================================================

Image Symbol Table

    Local Symbols

    Symbol Name                              Value     Ov Type        Size  Object(Section)

    ../clib/microlib/division.c              0x00000000   Number         0  uldiv.o ABSOLUTE
    ../clib/microlib/division.c              0x00000000   Number         0  uidiv.o ABSOLUTE
    ../clib/microlib/init/entry.s            0x00000000   Number         0  entry9a.o ABSOLUTE
    ../clib/microlib/init/entry.s            0x00000000   Number         0  entry9b.o ABSOLUTE
    ../clib/microlib/init/entry.s            0x00000000   Number         0  entry10a.o ABSOLUTE
    ../clib/microlib/init/entry.s            0x00000000   Number         0  entry8a.o ABSOLUTE
    ../clib/microlib/init/entry.s            0x00000000   Number         0  entry10b.o ABSOLUTE
    ../clib/microlib/init/entry.s            0x00000000   Number         0  entry7b.o ABSOLUTE
    ../clib/microlib/init/entry.s            0x00000000   Number         0  entry7a.o ABSOLUTE
    ../clib/microlib/init/entry.s            0x00000000   Number         0  entry.o ABSOLUTE
    ../clib/microlib/init/entry.s            0x00000000   Number         0  entry5.o ABSOLUTE
    ../clib/microlib/init/entry.s            0x00000000   Number         0  entry11a.o ABSOLUTE
    ../clib/microlib/init/entry.s            0x00000000   Number         0  entry11b.o ABSOLUTE
    ../clib/microlib/init/entry.s            0x00000000   Number         0  entry8b.o ABSOLUTE
    ../clib/microlib/init/entry.s            0x00000000   Number         0  entry2.o ABSOLUTE
    ../clib/microlib/longlong.c              0x00000000   Number         0  llshl.o ABSOLUTE
    ../clib/microlib/longlong.c              0x00000000   Number         0  llushr.o ABSOLUTE
    ../clib/microlib/longlong.c              0x00000000   Number         0  llsshr.o ABSOLUTE
    ../clib/microlib/printf/printf.c         0x00000000   Number         0  printfb.o ABSOLUTE
    ../clib/microlib/printf/printf.c         0x00000000   Number         0  printfa.o ABSOLUTE
    ../clib/microlib/printf/printf.c         0x00000000   Number         0  printf8.o ABSOLUTE
    ../clib/microlib/printf/printf.c         0x00000000   Number         0  printf7.o ABSOLUTE
    ../clib/microlib/printf/printf.c         0x00000000   Number         0  printf5.o ABSOLUTE
    ../clib/microlib/printf/printf.c         0x00000000   Number         0  printf4.o ABSOLUTE
    ../clib/microlib/printf/printf.c         0x00000000   Number         0  printf3.o ABSOLUTE
    ../clib/microlib/printf/printf.c         0x00000000   Number         0  printf2.o ABSOLUTE
    ../clib/microlib/printf/printf.c         0x00000000   Number         0  printf1.o ABSOLUTE
    ../clib/microlib/printf/printf.c         0x00000000   Number         0  printf6.o ABSOLUTE
    ../clib/microlib/printf/printf.c         0x00000000   Number         0  printf0.o ABSOLUTE
    ../clib/microlib/printf/stubs.s          0x00000000   Number         0  stubs.o ABSOLUTE
    ../clib/microlib/string/memcpy.c         0x00000000   Number         0  memcpyb.o ABSOLUTE
    ../clib/microlib/string/memcpy.c         0x00000000   Number         0  memcpya.o ABSOLUTE
    ../clib/microlib/stubs.s                 0x00000000   Number         0  iusefp.o ABSOLUTE
    ../fplib/microlib/fpadd.c                0x00000000   Number         0  dadd.o ABSOLUTE
    ../fplib/microlib/fpdiv.c                0x00000000   Number         0  ddiv.o ABSOLUTE
    ../fplib/microlib/fpepilogue.c           0x00000000   Number         0  depilogue.o ABSOLUTE
    ../fplib/microlib/fpfix.c                0x00000000   Number         0  dfixul.o ABSOLUTE
    ../fplib/microlib/fpmul.c                0x00000000   Number         0  dmul.o ABSOLUTE
    ..\..\..\..\Library\Device\Nuvoton\NUC131\Source\ARM\startup_NUC131.s 0x00000000   Number         0  startup_nuc131.o ABSOLUTE
    ..\..\..\..\Library\Device\Nuvoton\NUC131\Source\system_NUC131.c 0x00000000   Number         0  system_nuc131.o ABSOLUTE
    ..\..\..\..\Library\StdDriver\src\clk.c  0x00000000   Number         0  clk.o ABSOLUTE
    ..\..\..\..\Library\StdDriver\src\fmc.c  0x00000000   Number         0  fmc.o ABSOLUTE
    ..\..\..\..\Library\StdDriver\src\gpio.c 0x00000000   Number         0  gpio.o ABSOLUTE
    ..\..\..\..\Library\StdDriver\src\retarget.c 0x00000000   Number         0  retarget.o ABSOLUTE
    ..\..\..\..\Library\StdDriver\src\sys.c  0x00000000   Number         0  sys.o ABSOLUTE
    ..\..\..\..\Library\StdDriver\src\timer.c 0x00000000   Number         0  timer.o ABSOLUTE
    ..\..\..\..\Library\StdDriver\src\uart.c 0x00000000   Number         0  uart.o ABSOLUTE
    ..\\..\\..\\..\\Library\\Device\\Nuvoton\\NUC131\\Source\\system_NUC131.c 0x00000000   Number         0  system_nuc131.o ABSOLUTE
    ..\\..\\..\\..\\Library\\StdDriver\\src\\clk.c 0x00000000   Number         0  clk.o ABSOLUTE
    ..\\..\\..\\..\\Library\\StdDriver\\src\\fmc.c 0x00000000   Number         0  fmc.o ABSOLUTE
    ..\\..\\..\\..\\Library\\StdDriver\\src\\gpio.c 0x00000000   Number         0  gpio.o ABSOLUTE
    ..\\..\\..\\..\\Library\\StdDriver\\src\\retarget.c 0x00000000   Number         0  retarget.o ABSOLUTE
    ..\\..\\..\\..\\Library\\StdDriver\\src\\sys.c 0x00000000   Number         0  sys.o ABSOLUTE
    ..\\..\\..\\..\\Library\\StdDriver\\src\\timer.c 0x00000000   Number         0  timer.o ABSOLUTE
    ..\\..\\..\\..\\Library\\StdDriver\\src\\uart.c 0x00000000   Number         0  uart.o ABSOLUTE
    ..\\main.c                               0x00000000   Number         0  main.o ABSOLUTE
    ..\main.c                                0x00000000   Number         0  main.o ABSOLUTE
    cdrcmple.s                               0x00000000   Number         0  cdrcmple.o ABSOLUTE
    handlers.s                               0x00000000   Number         0  handlers.o ABSOLUTE
    init.s                                   0x00000000   Number         0  init.o ABSOLUTE
    RESET                                    0x00003000   Section      192  startup_nuc131.o(RESET)
    .ARM.Collect$$$$00000000                 0x000030c0   Section        0  entry.o(.ARM.Collect$$$$00000000)
    .ARM.Collect$$$$00000001                 0x000030c0   Section        4  entry2.o(.ARM.Collect$$$$00000001)
    .ARM.Collect$$$$00000004                 0x000030c4   Section        4  entry5.o(.ARM.Collect$$$$00000004)
    .ARM.Collect$$$$00000008                 0x000030c8   Section        0  entry7b.o(.ARM.Collect$$$$00000008)
    .ARM.Collect$$$$0000000A                 0x000030c8   Section        0  entry8b.o(.ARM.Collect$$$$0000000A)
    .ARM.Collect$$$$0000000B                 0x000030c8   Section        8  entry9a.o(.ARM.Collect$$$$0000000B)
    .ARM.Collect$$$$0000000D                 0x000030d0   Section        0  entry10a.o(.ARM.Collect$$$$0000000D)
    .ARM.Collect$$$$0000000F                 0x000030d0   Section        0  entry11a.o(.ARM.Collect$$$$0000000F)
    .ARM.Collect$$$$00002712                 0x000030d0   Section        4  entry2.o(.ARM.Collect$$$$00002712)
    __lit__00000000                          0x000030d0   Data           4  entry2.o(.ARM.Collect$$$$00002712)
    .emb_text                                0x000030d4   Section       28  retarget.o(.emb_text)
    .text                                    0x000030f0   Section       76  startup_nuc131.o(.text)
    Default_Handler                          0x0000311b   Thumb Code     2  startup_nuc131.o(.text)
    .text                                    0x0000313c   Section        0  uidiv.o(.text)
    .text                                    0x00003168   Section        0  memcpya.o(.text)
    .text                                    0x0000318c   Section        0  uldiv.o(.text)
    i.CLK_EnableXtalRC                       0x000031ec   Section        0  clk.o(i.CLK_EnableXtalRC)
    i.SystemInit                             0x000031fc   Section        0  system_nuc131.o(i.SystemInit)
    i.__scatterload_null                     0x000031fe   Section        2  handlers.o(i.__scatterload_null)
    .ARM.__AT_0x00003200                     0x00003200   Section       16  main.o(.ARM.__AT_0x00003200)
    .text                                    0x00003210   Section       36  init.o(.text)
    .text                                    0x00003234   Section        0  llshl.o(.text)
    .text                                    0x00003254   Section        0  llushr.o(.text)
    i.CLK_EnableModuleClock                  0x00003278   Section        0  clk.o(i.CLK_EnableModuleClock)
    i.CLK_EnablePLL                          0x000032a8   Section        0  clk.o(i.CLK_EnablePLL)
    i.CLK_GetCPUFreq                         0x00003440   Section        0  clk.o(i.CLK_GetCPUFreq)
    i.CLK_GetHCLKFreq                        0x00003450   Section        0  clk.o(i.CLK_GetHCLKFreq)
    i.CLK_GetHXTFreq                         0x00003460   Section        0  clk.o(i.CLK_GetHXTFreq)
    i.CLK_GetPCLKFreq                        0x00003474   Section        0  clk.o(i.CLK_GetPCLKFreq)
    i.CLK_GetPLLClockFreq                    0x00003484   Section        0  uart.o(i.CLK_GetPLLClockFreq)
    CLK_GetPLLClockFreq                      0x00003485   Thumb Code    70  uart.o(i.CLK_GetPLLClockFreq)
    i.CLK_SetCoreClock                       0x000034dc   Section        0  clk.o(i.CLK_SetCoreClock)
    i.CLK_SetHCLK                            0x00003558   Section        0  clk.o(i.CLK_SetHCLK)
    i.CLK_SetModuleClock                     0x000035a0   Section        0  clk.o(i.CLK_SetModuleClock)
    i.CLK_WaitClockReady                     0x00003600   Section        0  clk.o(i.CLK_WaitClockReady)
    i.DEBUG_UART_Init                        0x0000362c   Section        0  main.o(i.DEBUG_UART_Init)
    i.FMC_Open                               0x000036f8   Section        0  fmc.o(i.FMC_Open)
    i.FMC_SetVectorPageAddr                  0x00003708   Section        0  main.o(i.FMC_SetVectorPageAddr)
    FMC_SetVectorPageAddr                    0x00003709   Thumb Code    24  main.o(i.FMC_SetVectorPageAddr)
    i.GPIO_Init                              0x00003724   Section        0  main.o(i.GPIO_Init)
    i.GPIO_SetMode                           0x00003754   Section        0  gpio.o(i.GPIO_SetMode)
    i.Hard_Fault_Handler                     0x0000377c   Section        0  retarget.o(i.Hard_Fault_Handler)
    __tagsym$$used                           0x0000377d   Number         0  retarget.o(i.Hard_Fault_Handler)
    i.IAPSystemReboot_RST                    0x000037a4   Section        0  main.o(i.IAPSystemReboot_RST)
    i.NVIC_EnableIRQ                         0x0000380c   Section        0  uart.o(i.NVIC_EnableIRQ)
    NVIC_EnableIRQ                           0x0000380d   Thumb Code    14  uart.o(i.NVIC_EnableIRQ)
    i.NVIC_SystemReset                       0x00003820   Section        0  main.o(i.NVIC_SystemReset)
    NVIC_SystemReset                         0x00003821   Thumb Code    16  main.o(i.NVIC_SystemReset)
    i.SYS_Init                               0x00003838   Section        0  main.o(i.SYS_Init)
    i.SYS_ResetCPU                           0x000038c8   Section        0  sys.o(i.SYS_ResetCPU)
    i.SYS_ResetChip                          0x000038d6   Section        0  sys.o(i.SYS_ResetChip)
    i.SYS_ResetModule                        0x000038e4   Section        0  sys.o(i.SYS_ResetModule)
    i.SYS_UnlockReg                          0x00003900   Section        0  main.o(i.SYS_UnlockReg)
    SYS_UnlockReg                            0x00003901   Thumb Code    26  main.o(i.SYS_UnlockReg)
    i.SendChar_ToUART                        0x00003920   Section        0  retarget.o(i.SendChar_ToUART)
    i.SysTick_Handler                        0x00003940   Section        0  main.o(i.SysTick_Handler)
    i.SystemCoreClockUpdate                  0x00003984   Section        0  system_nuc131.o(i.SystemCoreClockUpdate)
    i.TIMER1_Init                            0x00003a14   Section        0  main.o(i.TIMER1_Init)
    i.TIMER_GetModuleClock                   0x00003a48   Section        0  timer.o(i.TIMER_GetModuleClock)
    i.TIMER_Open                             0x00003ab0   Section        0  timer.o(i.TIMER_Open)
    i.TMR1_IRQHandler                        0x00003af0   Section        0  main.o(i.TMR1_IRQHandler)
    i.UART1_IRQHandler                       0x00003b50   Section        0  main.o(i.UART1_IRQHandler)
    i.UART_ClearIntFlag                      0x00003b84   Section        0  uart.o(i.UART_ClearIntFlag)
    i.UART_EnableInt                         0x00003bd0   Section        0  uart.o(i.UART_EnableInt)
    i.UART_Open                              0x00003c24   Section        0  uart.o(i.UART_Open)
    i.UARTx_Process                          0x00003cac   Section        0  main.o(i.UARTx_Process)
    i.__0printf$8                            0x00003d34   Section        0  printf8.o(i.__0printf$8)
    i.__scatterload_copy                     0x00003d54   Section       14  handlers.o(i.__scatterload_copy)
    i.__scatterload_zeroinit                 0x00003d62   Section       14  handlers.o(i.__scatterload_zeroinit)
    i._printf_core                           0x00003d70   Section        0  printf8.o(i._printf_core)
    _printf_core                             0x00003d71   Thumb Code  1020  printf8.o(i._printf_core)
    i._printf_post_padding                   0x00004198   Section        0  printf8.o(i._printf_post_padding)
    _printf_post_padding                     0x00004199   Thumb Code    32  printf8.o(i._printf_post_padding)
    i._printf_pre_padding                    0x000041b8   Section        0  printf8.o(i._printf_pre_padding)
    _printf_pre_padding                      0x000041b9   Thumb Code    44  printf8.o(i._printf_pre_padding)
    i.fputc                                  0x000041e4   Section        0  retarget.o(i.fputc)
    i.main                                   0x000041f0   Section        0  main.o(i.main)
    i.read_magic_tag                         0x00004208   Section        0  main.o(i.read_magic_tag)
    i.stackDump                              0x0000423c   Section        0  retarget.o(i.stackDump)
    stackDump                                0x0000423d   Thumb Code    70  retarget.o(i.stackDump)
    i.systick_counter                        0x000042e4   Section        0  main.o(i.systick_counter)
    i.tick_counter                           0x000042f4   Section        0  main.o(i.tick_counter)
    i.write_magic_tag                        0x00004304   Section        0  main.o(i.write_magic_tag)
    .constdata                               0x00004334   Section       48  clk.o(.constdata)
    .constdata                               0x00004364   Section       48  uart.o(.constdata)
    .constdata                               0x00004394   Section       32  timer.o(.constdata)
    .constdata                               0x000043b4   Section       47  main.o(.constdata)
    __FUNCTION__                             0x000043b4   Data          15  main.o(.constdata)
    __FUNCTION__                             0x000043c3   Data          16  main.o(.constdata)
    __FUNCTION__                             0x000043d3   Data          16  main.o(.constdata)
    .data                                    0x20000000   Section       44  system_nuc131.o(.data)
    .data                                    0x2000002c   Section        4  retarget.o(.data)
    .data                                    0x20000030   Section       20  main.o(.data)
    LOG                                      0x2000003c   Data           4  main.o(.data)
    LOG                                      0x20000040   Data           4  main.o(.data)
    STACK                                    0x20000048   Section     1024  startup_nuc131.o(STACK)
    .ARM.__AT_0x20001FFC                     0x20001ffc   Section        4  main.o(.ARM.__AT_0x20001FFC)

    Global Symbols

    Symbol Name                              Value     Ov Type        Size  Object(Section)

    BuildAttributes$$THM_ISAv3M$S$PE$A:L22$X:L11$S22$IEEE1$IW$USESV6$~STKCKD$USESV7$~SHL$OSPACE$ROPI$EBA8$MICROLIB$REQ8$PRES8$EABIv2 0x00000000   Number         0  anon$$obj.o ABSOLUTE
    __ARM_use_no_argv                        0x00000000   Number         0  main.o ABSOLUTE
    _printf_a                                0x00000000   Number         0  stubs.o ABSOLUTE
    _printf_c                                0x00000000   Number         0  stubs.o ABSOLUTE
    _printf_charcount                        0x00000000   Number         0  stubs.o ABSOLUTE
    _printf_d                                0x00000000   Number         0  stubs.o ABSOLUTE
    _printf_e                                0x00000000   Number         0  stubs.o ABSOLUTE
    _printf_f                                0x00000000   Number         0  stubs.o ABSOLUTE
    _printf_flags                            0x00000000   Number         0  stubs.o ABSOLUTE
    _printf_fp_dec                           0x00000000   Number         0  stubs.o ABSOLUTE
    _printf_fp_hex                           0x00000000   Number         0  stubs.o ABSOLUTE
    _printf_g                                0x00000000   Number         0  stubs.o ABSOLUTE
    _printf_i                                0x00000000   Number         0  stubs.o ABSOLUTE
    _printf_int_dec                          0x00000000   Number         0  stubs.o ABSOLUTE
    _printf_l                                0x00000000   Number         0  stubs.o ABSOLUTE
    _printf_lc                               0x00000000   Number         0  stubs.o ABSOLUTE
    _printf_ll                               0x00000000   Number         0  stubs.o ABSOLUTE
    _printf_lld                              0x00000000   Number         0  stubs.o ABSOLUTE
    _printf_lli                              0x00000000   Number         0  stubs.o ABSOLUTE
    _printf_llo                              0x00000000   Number         0  stubs.o ABSOLUTE
    _printf_llu                              0x00000000   Number         0  stubs.o ABSOLUTE
    _printf_llx                              0x00000000   Number         0  stubs.o ABSOLUTE
    _printf_longlong_dec                     0x00000000   Number         0  stubs.o ABSOLUTE
    _printf_longlong_hex                     0x00000000   Number         0  stubs.o ABSOLUTE
    _printf_longlong_oct                     0x00000000   Number         0  stubs.o ABSOLUTE
    _printf_ls                               0x00000000   Number         0  stubs.o ABSOLUTE
    _printf_mbtowc                           0x00000000   Number         0  stubs.o ABSOLUTE
    _printf_n                                0x00000000   Number         0  stubs.o ABSOLUTE
    _printf_o                                0x00000000   Number         0  stubs.o ABSOLUTE
    _printf_p                                0x00000000   Number         0  stubs.o ABSOLUTE
    _printf_percent                          0x00000000   Number         0  stubs.o ABSOLUTE
    _printf_pre_padding                      0x00000000   Number         0  stubs.o ABSOLUTE
    _printf_return_value                     0x00000000   Number         0  stubs.o ABSOLUTE
    _printf_s                                0x00000000   Number         0  stubs.o ABSOLUTE
    _printf_sizespec                         0x00000000   Number         0  stubs.o ABSOLUTE
    _printf_str                              0x00000000   Number         0  stubs.o ABSOLUTE
    _printf_truncate_signed                  0x00000000   Number         0  stubs.o ABSOLUTE
    _printf_truncate_unsigned                0x00000000   Number         0  stubs.o ABSOLUTE
    _printf_u                                0x00000000   Number         0  stubs.o ABSOLUTE
    _printf_wc                               0x00000000   Number         0  stubs.o ABSOLUTE
    _printf_wctomb                           0x00000000   Number         0  stubs.o ABSOLUTE
    _printf_widthprec                        0x00000000   Number         0  stubs.o ABSOLUTE
    _printf_x                                0x00000000   Number         0  stubs.o ABSOLUTE
    __cpp_initialize__aeabi_                  - Undefined Weak Reference
    __cxa_finalize                            - Undefined Weak Reference
    __decompress                              - Undefined Weak Reference
    _clock_init                               - Undefined Weak Reference
    _microlib_exit                            - Undefined Weak Reference
    __Vectors                                0x00003000   Data           4  startup_nuc131.o(RESET)
    __main                                   0x000030c1   Thumb Code     0  entry.o(.ARM.Collect$$$$00000000)
    _main_stk                                0x000030c1   Thumb Code     0  entry2.o(.ARM.Collect$$$$00000001)
    _main_scatterload                        0x000030c5   Thumb Code     0  entry5.o(.ARM.Collect$$$$00000004)
    __main_after_scatterload                 0x000030c9   Thumb Code     0  entry5.o(.ARM.Collect$$$$00000004)
    _main_clock                              0x000030c9   Thumb Code     0  entry7b.o(.ARM.Collect$$$$00000008)
    _main_cpp_init                           0x000030c9   Thumb Code     0  entry8b.o(.ARM.Collect$$$$0000000A)
    _main_init                               0x000030c9   Thumb Code     0  entry9a.o(.ARM.Collect$$$$0000000B)
    __rt_final_cpp                           0x000030d1   Thumb Code     0  entry10a.o(.ARM.Collect$$$$0000000D)
    __rt_final_exit                          0x000030d1   Thumb Code     0  entry11a.o(.ARM.Collect$$$$0000000F)
    HardFault_Handler                        0x000030d5   Thumb Code    24  retarget.o(.emb_text)
    Reset_Handler                            0x000030f1   Thumb Code    32  startup_nuc131.o(.text)
    NMI_Handler                              0x00003111   Thumb Code     2  startup_nuc131.o(.text)
    SVC_Handler                              0x00003115   Thumb Code     2  startup_nuc131.o(.text)
    PendSV_Handler                           0x00003117   Thumb Code     2  startup_nuc131.o(.text)
    ADC_IRQHandler                           0x0000311b   Thumb Code     0  startup_nuc131.o(.text)
    BOD_IRQHandler                           0x0000311b   Thumb Code     0  startup_nuc131.o(.text)
    BPWM0_IRQHandler                         0x0000311b   Thumb Code     0  startup_nuc131.o(.text)
    BPWM1_IRQHandler                         0x0000311b   Thumb Code     0  startup_nuc131.o(.text)
    BRAKE0_IRQHandler                        0x0000311b   Thumb Code     0  startup_nuc131.o(.text)
    BRAKE1_IRQHandler                        0x0000311b   Thumb Code     0  startup_nuc131.o(.text)
    CAN0_IRQHandler                          0x0000311b   Thumb Code     0  startup_nuc131.o(.text)
    CAN1_IRQHandler                          0x0000311b   Thumb Code     0  startup_nuc131.o(.text)
    CKD_IRQHandler                           0x0000311b   Thumb Code     0  startup_nuc131.o(.text)
    EINT0_IRQHandler                         0x0000311b   Thumb Code     0  startup_nuc131.o(.text)
    EINT1_IRQHandler                         0x0000311b   Thumb Code     0  startup_nuc131.o(.text)
    GPAB_IRQHandler                          0x0000311b   Thumb Code     0  startup_nuc131.o(.text)
    GPCDEF_IRQHandler                        0x0000311b   Thumb Code     0  startup_nuc131.o(.text)
    I2C0_IRQHandler                          0x0000311b   Thumb Code     0  startup_nuc131.o(.text)
    I2C1_IRQHandler                          0x0000311b   Thumb Code     0  startup_nuc131.o(.text)
    PWM0_IRQHandler                          0x0000311b   Thumb Code     0  startup_nuc131.o(.text)
    PWM1_IRQHandler                          0x0000311b   Thumb Code     0  startup_nuc131.o(.text)
    PWRWU_IRQHandler                         0x0000311b   Thumb Code     0  startup_nuc131.o(.text)
    RTC_IRQHandler                           0x0000311b   Thumb Code     0  startup_nuc131.o(.text)
    SPI0_IRQHandler                          0x0000311b   Thumb Code     0  startup_nuc131.o(.text)
    TMR0_IRQHandler                          0x0000311b   Thumb Code     0  startup_nuc131.o(.text)
    TMR2_IRQHandler                          0x0000311b   Thumb Code     0  startup_nuc131.o(.text)
    TMR3_IRQHandler                          0x0000311b   Thumb Code     0  startup_nuc131.o(.text)
    UART02_IRQHandler                        0x0000311b   Thumb Code     0  startup_nuc131.o(.text)
    UART3_IRQHandler                         0x0000311b   Thumb Code     0  startup_nuc131.o(.text)
    UART4_IRQHandler                         0x0000311b   Thumb Code     0  startup_nuc131.o(.text)
    UART5_IRQHandler                         0x0000311b   Thumb Code     0  startup_nuc131.o(.text)
    WDT_IRQHandler                           0x0000311b   Thumb Code     0  startup_nuc131.o(.text)
    __aeabi_uidiv                            0x0000313d   Thumb Code     0  uidiv.o(.text)
    __aeabi_uidivmod                         0x0000313d   Thumb Code    44  uidiv.o(.text)
    __aeabi_memcpy                           0x00003169   Thumb Code    36  memcpya.o(.text)
    __aeabi_memcpy4                          0x00003169   Thumb Code     0  memcpya.o(.text)
    __aeabi_memcpy8                          0x00003169   Thumb Code     0  memcpya.o(.text)
    __aeabi_uldivmod                         0x0000318d   Thumb Code    96  uldiv.o(.text)
    CLK_EnableXtalRC                         0x000031ed   Thumb Code    10  clk.o(i.CLK_EnableXtalRC)
    SystemInit                               0x000031fd   Thumb Code     2  system_nuc131.o(i.SystemInit)
    __scatterload_null                       0x000031ff   Thumb Code     2  handlers.o(i.__scatterload_null)
    FW_Version                               0x00003200   Data          16  main.o(.ARM.__AT_0x00003200)
    __scatterload                            0x00003211   Thumb Code    28  init.o(.text)
    __scatterload_rt2                        0x00003211   Thumb Code     0  init.o(.text)
    __aeabi_llsl                             0x00003235   Thumb Code    32  llshl.o(.text)
    _ll_shift_l                              0x00003235   Thumb Code     0  llshl.o(.text)
    __aeabi_llsr                             0x00003255   Thumb Code    34  llushr.o(.text)
    _ll_ushift_r                             0x00003255   Thumb Code     0  llushr.o(.text)
    CLK_EnableModuleClock                    0x00003279   Thumb Code    40  clk.o(i.CLK_EnableModuleClock)
    CLK_EnablePLL                            0x000032a9   Thumb Code   348  clk.o(i.CLK_EnablePLL)
    CLK_GetCPUFreq                           0x00003441   Thumb Code    12  clk.o(i.CLK_GetCPUFreq)
    CLK_GetHCLKFreq                          0x00003451   Thumb Code    12  clk.o(i.CLK_GetHCLKFreq)
    CLK_GetHXTFreq                           0x00003461   Thumb Code    12  clk.o(i.CLK_GetHXTFreq)
    CLK_GetPCLKFreq                          0x00003475   Thumb Code    12  clk.o(i.CLK_GetPCLKFreq)
    CLK_SetCoreClock                         0x000034dd   Thumb Code   114  clk.o(i.CLK_SetCoreClock)
    CLK_SetHCLK                              0x00003559   Thumb Code    66  clk.o(i.CLK_SetHCLK)
    CLK_SetModuleClock                       0x000035a1   Thumb Code    88  clk.o(i.CLK_SetModuleClock)
    CLK_WaitClockReady                       0x00003601   Thumb Code    34  clk.o(i.CLK_WaitClockReady)
    DEBUG_UART_Init                          0x0000362d   Thumb Code    86  main.o(i.DEBUG_UART_Init)
    FMC_Open                                 0x000036f9   Thumb Code    12  fmc.o(i.FMC_Open)
    GPIO_Init                                0x00003725   Thumb Code    42  main.o(i.GPIO_Init)
    GPIO_SetMode                             0x00003755   Thumb Code    40  gpio.o(i.GPIO_SetMode)
    Hard_Fault_Handler                       0x0000377d   Thumb Code    16  retarget.o(i.Hard_Fault_Handler)
    IAPSystemReboot_RST                      0x000037a5   Thumb Code    94  main.o(i.IAPSystemReboot_RST)
    SYS_Init                                 0x00003839   Thumb Code   122  main.o(i.SYS_Init)
    SYS_ResetCPU                             0x000038c9   Thumb Code    14  sys.o(i.SYS_ResetCPU)
    SYS_ResetChip                            0x000038d7   Thumb Code    14  sys.o(i.SYS_ResetChip)
    SYS_ResetModule                          0x000038e5   Thumb Code    26  sys.o(i.SYS_ResetModule)
    SendChar_ToUART                          0x00003921   Thumb Code    26  retarget.o(i.SendChar_ToUART)
    SysTick_Handler                          0x00003941   Thumb Code    46  main.o(i.SysTick_Handler)
    SystemCoreClockUpdate                    0x00003985   Thumb Code   118  system_nuc131.o(i.SystemCoreClockUpdate)
    TIMER1_Init                              0x00003a15   Thumb Code    42  main.o(i.TIMER1_Init)
    TIMER_GetModuleClock                     0x00003a49   Thumb Code    82  timer.o(i.TIMER_GetModuleClock)
    TIMER_Open                               0x00003ab1   Thumb Code    64  timer.o(i.TIMER_Open)
    TMR1_IRQHandler                          0x00003af1   Thumb Code    62  main.o(i.TMR1_IRQHandler)
    UART1_IRQHandler                         0x00003b51   Thumb Code    46  main.o(i.UART1_IRQHandler)
    UART_ClearIntFlag                        0x00003b85   Thumb Code    66  uart.o(i.UART_ClearIntFlag)
    UART_EnableInt                           0x00003bd1   Thumb Code    62  uart.o(i.UART_EnableInt)
    UART_Open                                0x00003c25   Thumb Code   120  uart.o(i.UART_Open)
    UARTx_Process                            0x00003cad   Thumb Code    74  main.o(i.UARTx_Process)
    __0printf$8                              0x00003d35   Thumb Code    24  printf8.o(i.__0printf$8)
    __1printf$8                              0x00003d35   Thumb Code     0  printf8.o(i.__0printf$8)
    __2printf                                0x00003d35   Thumb Code     0  printf8.o(i.__0printf$8)
    __scatterload_copy                       0x00003d55   Thumb Code    14  handlers.o(i.__scatterload_copy)
    __scatterload_zeroinit                   0x00003d63   Thumb Code    14  handlers.o(i.__scatterload_zeroinit)
    fputc                                    0x000041e5   Thumb Code    12  retarget.o(i.fputc)
    main                                     0x000041f1   Thumb Code    22  main.o(i.main)
    read_magic_tag                           0x00004209   Thumb Code    18  main.o(i.read_magic_tag)
    systick_counter                          0x000042e5   Thumb Code    10  main.o(i.systick_counter)
    tick_counter                             0x000042f5   Thumb Code    10  main.o(i.tick_counter)
    write_magic_tag                          0x00004305   Thumb Code    16  main.o(i.write_magic_tag)
    Region$$Table$$Base                      0x000043e4   Number         0  anon$$obj.o(Region$$Table)
    Region$$Table$$Limit                     0x00004404   Number         0  anon$$obj.o(Region$$Table)
    SystemCoreClock                          0x20000000   Data           4  system_nuc131.o(.data)
    CyclesPerUs                              0x20000004   Data           4  system_nuc131.o(.data)
    PllClock                                 0x20000008   Data           4  system_nuc131.o(.data)
    gau32ClkSrcTbl                           0x2000000c   Data          32  system_nuc131.o(.data)
    __stdout                                 0x2000002c   Data           4  retarget.o(.data)
    BitFlag                                  0x20000030   Data           4  main.o(.data)
    counter_tick                             0x20000034   Data           4  main.o(.data)
    counter_systick                          0x20000038   Data           4  main.o(.data)
    __initial_sp                             0x20000448   Data           0  startup_nuc131.o(STACK)
    flag_check_ISP_process                   0x20001ffc   Data           4  main.o(.ARM.__AT_0x20001FFC)



==============================================================================

Memory Map of the image

  Image Entry point : 0x000030f1

  Load Region LOAD_ROM_1 (Base: 0x00003000, Size: 0x00001448, Max: 0x0000d000, ABSOLUTE)

    Execution Region APROM_application.bin (Exec base: 0x00003000, Load base: 0x00003000, Size: 0x00001404, Max: 0x0000d000, ABSOLUTE)

    Exec Addr    Load Addr    Size         Type   Attr      Idx    E Section Name        Object

    0x00003000   0x00003000   0x000000c0   Data   RO           95    RESET               startup_nuc131.o
    0x000030c0   0x000030c0   0x00000000   Code   RO          963  * .ARM.Collect$$$$00000000  mc_p.l(entry.o)
    0x000030c0   0x000030c0   0x00000004   Code   RO         1231    .ARM.Collect$$$$00000001  mc_p.l(entry2.o)
    0x000030c4   0x000030c4   0x00000004   Code   RO         1234    .ARM.Collect$$$$00000004  mc_p.l(entry5.o)
    0x000030c8   0x000030c8   0x00000000   Code   RO         1236    .ARM.Collect$$$$00000008  mc_p.l(entry7b.o)
    0x000030c8   0x000030c8   0x00000000   Code   RO         1238    .ARM.Collect$$$$0000000A  mc_p.l(entry8b.o)
    0x000030c8   0x000030c8   0x00000008   Code   RO         1239    .ARM.Collect$$$$0000000B  mc_p.l(entry9a.o)
    0x000030d0   0x000030d0   0x00000000   Code   RO         1241    .ARM.Collect$$$$0000000D  mc_p.l(entry10a.o)
    0x000030d0   0x000030d0   0x00000000   Code   RO         1243    .ARM.Collect$$$$0000000F  mc_p.l(entry11a.o)
    0x000030d0   0x000030d0   0x00000004   Code   RO         1232    .ARM.Collect$$$$00002712  mc_p.l(entry2.o)
    0x000030d4   0x000030d4   0x0000001c   Code   RO          366    .emb_text           retarget.o
    0x000030f0   0x000030f0   0x0000004c   Code   RO           96  * .text               startup_nuc131.o
    0x0000313c   0x0000313c   0x0000002c   Code   RO          964    .text               mc_p.l(uidiv.o)
    0x00003168   0x00003168   0x00000024   Code   RO          966    .text               mc_p.l(memcpya.o)
    0x0000318c   0x0000318c   0x00000060   Code   RO         1245    .text               mc_p.l(uldiv.o)
    0x000031ec   0x000031ec   0x00000010   Code   RO          234    i.CLK_EnableXtalRC  clk.o
    0x000031fc   0x000031fc   0x00000002   Code   RO            4    i.SystemInit        system_nuc131.o
    0x000031fe   0x000031fe   0x00000002   Code   RO         1273    i.__scatterload_null  mc_p.l(handlers.o)
    0x00003200   0x00003200   0x00000010   Data   RO          773    .ARM.__AT_0x00003200  main.o
    0x00003210   0x00003210   0x00000024   Code   RO         1258    .text               mc_p.l(init.o)
    0x00003234   0x00003234   0x00000020   Code   RO         1260    .text               mc_p.l(llshl.o)
    0x00003254   0x00003254   0x00000022   Code   RO         1262    .text               mc_p.l(llushr.o)
    0x00003276   0x00003276   0x00000002   PAD
    0x00003278   0x00003278   0x00000030   Code   RO          231    i.CLK_EnableModuleClock  clk.o
    0x000032a8   0x000032a8   0x00000198   Code   RO          232    i.CLK_EnablePLL     clk.o
    0x00003440   0x00003440   0x00000010   Code   RO          235    i.CLK_GetCPUFreq    clk.o
    0x00003450   0x00003450   0x00000010   Code   RO          236    i.CLK_GetHCLKFreq   clk.o
    0x00003460   0x00003460   0x00000014   Code   RO          237    i.CLK_GetHXTFreq    clk.o
    0x00003474   0x00003474   0x00000010   Code   RO          238    i.CLK_GetPCLKFreq   clk.o
    0x00003484   0x00003484   0x00000058   Code   RO          455    i.CLK_GetPLLClockFreq  uart.o
    0x000034dc   0x000034dc   0x0000007c   Code   RO          241    i.CLK_SetCoreClock  clk.o
    0x00003558   0x00003558   0x00000048   Code   RO          242    i.CLK_SetHCLK       clk.o
    0x000035a0   0x000035a0   0x00000060   Code   RO          243    i.CLK_SetModuleClock  clk.o
    0x00003600   0x00003600   0x0000002c   Code   RO          245    i.CLK_WaitClockReady  clk.o
    0x0000362c   0x0000362c   0x000000cc   Code   RO          744    i.DEBUG_UART_Init   main.o
    0x000036f8   0x000036f8   0x00000010   Code   RO          110    i.FMC_Open          fmc.o
    0x00003708   0x00003708   0x0000001c   Code   RO          745    i.FMC_SetVectorPageAddr  main.o
    0x00003724   0x00003724   0x00000030   Code   RO          746    i.GPIO_Init         main.o
    0x00003754   0x00003754   0x00000028   Code   RO          640    i.GPIO_SetMode      gpio.o
    0x0000377c   0x0000377c   0x00000028   Code   RO          368    i.Hard_Fault_Handler  retarget.o
    0x000037a4   0x000037a4   0x00000068   Code   RO          747    i.IAPSystemReboot_RST  main.o
    0x0000380c   0x0000380c   0x00000014   Code   RO          457    i.NVIC_EnableIRQ    uart.o
    0x00003820   0x00003820   0x00000018   Code   RO          748    i.NVIC_SystemReset  main.o
    0x00003838   0x00003838   0x00000090   Code   RO          749    i.SYS_Init          main.o
    0x000038c8   0x000038c8   0x0000000e   Code   RO          677    i.SYS_ResetCPU      sys.o
    0x000038d6   0x000038d6   0x0000000e   Code   RO          678    i.SYS_ResetChip     sys.o
    0x000038e4   0x000038e4   0x0000001a   Code   RO          679    i.SYS_ResetModule   sys.o
    0x000038fe   0x000038fe   0x00000002   PAD
    0x00003900   0x00003900   0x00000020   Code   RO          750    i.SYS_UnlockReg     main.o
    0x00003920   0x00003920   0x00000020   Code   RO          371    i.SendChar_ToUART   retarget.o
    0x00003940   0x00003940   0x00000044   Code   RO          751    i.SysTick_Handler   main.o
    0x00003984   0x00003984   0x00000090   Code   RO            3    i.SystemCoreClockUpdate  system_nuc131.o
    0x00003a14   0x00003a14   0x00000034   Code   RO          753    i.TIMER1_Init       main.o
    0x00003a48   0x00003a48   0x00000068   Code   RO          581    i.TIMER_GetModuleClock  timer.o
    0x00003ab0   0x00003ab0   0x00000040   Code   RO          582    i.TIMER_Open        timer.o
    0x00003af0   0x00003af0   0x00000060   Code   RO          754    i.TMR1_IRQHandler   main.o
    0x00003b50   0x00003b50   0x00000034   Code   RO          755    i.UART1_IRQHandler  main.o
    0x00003b84   0x00003b84   0x0000004c   Code   RO          458    i.UART_ClearIntFlag  uart.o
    0x00003bd0   0x00003bd0   0x00000054   Code   RO          463    i.UART_EnableInt    uart.o
    0x00003c24   0x00003c24   0x00000088   Code   RO          464    i.UART_Open         uart.o
    0x00003cac   0x00003cac   0x00000088   Code   RO          756    i.UARTx_Process     main.o
    0x00003d34   0x00003d34   0x00000020   Code   RO         1177    i.__0printf$8       mc_p.l(printf8.o)
    0x00003d54   0x00003d54   0x0000000e   Code   RO         1272    i.__scatterload_copy  mc_p.l(handlers.o)
    0x00003d62   0x00003d62   0x0000000e   Code   RO         1274    i.__scatterload_zeroinit  mc_p.l(handlers.o)
    0x00003d70   0x00003d70   0x00000428   Code   RO         1184    i._printf_core      mc_p.l(printf8.o)
    0x00004198   0x00004198   0x00000020   Code   RO         1185    i._printf_post_padding  mc_p.l(printf8.o)
    0x000041b8   0x000041b8   0x0000002c   Code   RO         1186    i._printf_pre_padding  mc_p.l(printf8.o)
    0x000041e4   0x000041e4   0x0000000c   Code   RO          375    i.fputc             retarget.o
    0x000041f0   0x000041f0   0x00000016   Code   RO          765    i.main              main.o
    0x00004206   0x00004206   0x00000002   PAD
    0x00004208   0x00004208   0x00000034   Code   RO          766    i.read_magic_tag    main.o
    0x0000423c   0x0000423c   0x000000a8   Code   RO          377    i.stackDump         retarget.o
    0x000042e4   0x000042e4   0x00000010   Code   RO          770    i.systick_counter   main.o
    0x000042f4   0x000042f4   0x00000010   Code   RO          771    i.tick_counter      main.o
    0x00004304   0x00004304   0x00000030   Code   RO          772    i.write_magic_tag   main.o
    0x00004334   0x00004334   0x00000030   Data   RO          246    .constdata          clk.o
    0x00004364   0x00004364   0x00000030   Data   RO          472    .constdata          uart.o
    0x00004394   0x00004394   0x00000020   Data   RO          583    .constdata          timer.o
    0x000043b4   0x000043b4   0x0000002f   Data   RO          775    .constdata          main.o
    0x000043e3   0x000043e3   0x00000001   PAD
    0x000043e4   0x000043e4   0x00000020   Data   RO         1270    Region$$Table       anon$$obj.o


    Execution Region SRAM (Exec base: 0x20000000, Load base: 0x00004404, Size: 0x00000448, Max: 0x00001ffc, ABSOLUTE)

    Exec Addr    Load Addr    Size         Type   Attr      Idx    E Section Name        Object

    0x20000000   0x00004404   0x0000002c   Data   RW            5    .data               system_nuc131.o
    0x2000002c   0x00004430   0x00000004   Data   RW          378    .data               retarget.o
    0x20000030   0x00004434   0x00000014   Data   RW          776    .data               main.o
    0x20000044   0x00004448   0x00000004   PAD
    0x20000048        -       0x00000400   Zero   RW           93    STACK               startup_nuc131.o



  Load Region LR$$.ARM.__AT_0x20001FFC (Base: 0x20001ffc, Size: 0x00000000, Max: 0x00000004, ABSOLUTE)

    Execution Region ER$$.ARM.__AT_0x20001FFC (Exec base: 0x20001ffc, Load base: 0x20001ffc, Size: 0x00000004, Max: 0x00000004, ABSOLUTE, UNINIT)

    Exec Addr    Load Addr    Size         Type   Attr      Idx    E Section Name        Object

    0x20001ffc        -       0x00000004   Zero   RW          774    .ARM.__AT_0x20001FFC  main.o


==============================================================================

Image component sizes


      Code (inc. data)   RO Data    RW Data    ZI Data      Debug   Object Name

       876        128         48          0          0       8204   clk.o
        16          4          0          0          0     112451   fmc.o
        40          0          0          0          0       1035   gpio.o
      1142        386         63         20          4     178620   main.o
       280        132          0          4          0       4798   retarget.o
        76         32        192          0       1024        728   startup_nuc131.o
        54          0          0          0          0       1477   sys.o
       146         26          0         44          0     130295   system_nuc131.o
       168         22         32          0          0       2020   timer.o
       404         72         48          0          0       9593   uart.o

    ----------------------------------------------------------------------
      3206        802        416         68       1032     449221   Object Totals
         0          0         32          0          0          0   (incl. Generated)
         4          0          1          0          4          0   (incl. Padding)

    ----------------------------------------------------------------------

      Code (inc. data)   RO Data    RW Data    ZI Data      Debug   Library Member Name

         0          0          0          0          0          0   entry.o
         0          0          0          0          0          0   entry10a.o
         0          0          0          0          0          0   entry11a.o
         8          4          0          0          0          0   entry2.o
         4          0          0          0          0          0   entry5.o
         0          0          0          0          0          0   entry7b.o
         0          0          0          0          0          0   entry8b.o
         8          4          0          0          0          0   entry9a.o
        30          0          0          0          0          0   handlers.o
        36          8          0          0          0         68   init.o
        32          0          0          0          0         68   llshl.o
        34          0          0          0          0         68   llushr.o
        36          0          0          0          0         60   memcpya.o
      1172         52          0          0          0        324   printf8.o
        44          0          0          0          0         72   uidiv.o
        96          0          0          0          0         84   uldiv.o

    ----------------------------------------------------------------------
      1502         68          0          0          0        744   Library Totals
         2          0          0          0          0          0   (incl. Padding)

    ----------------------------------------------------------------------

      Code (inc. data)   RO Data    RW Data    ZI Data      Debug   Library Name

      1500         68          0          0          0        744   mc_p.l

    ----------------------------------------------------------------------
      1502         68          0          0          0        744   Library Totals

    ----------------------------------------------------------------------

==============================================================================


      Code (inc. data)   RO Data    RW Data    ZI Data      Debug   

      4708        870        416         68       1032     447909   Grand Totals
      4708        870        416         68       1032     447909   ELF Image Totals
      4708        870        416         68          0          0   ROM Totals

==============================================================================

    Total RO  Size (Code + RO Data)                 5124 (   5.00kB)
    Total RW  Size (RW Data + ZI Data)              1100 (   1.07kB)
    Total ROM Size (Code + RO Data + RW Data)       5192 (   5.07kB)

==============================================================================

